../Core/Src/main.c:111:5:main	144	static
../Core/Src/main.c:298:6:SystemClock_Config	136	static
../Core/Src/main.c:382:13:MX_ADC_Init	16	static
../Core/Src/main.c:469:13:MX_SPI1_Init	8	static
../Core/Src/main.c:527:13:MX_USART2_UART_Init	8	static
../Core/Src/main.c:579:13:MX_GPIO_Init	56	static
../Core/Src/main.c:641:6:Set_VCO_Out_Divider	24	static
../Core/Src/main.c:651:6:Set_VCO_Frequency	56	static
../Core/Src/main.c:681:6:sendBytes	40	static
../Core/Src/main.c:705:6:Initialize_Microwave_Generator	64	static
../Core/Src/main.c:1105:6:Error_Handler	8	static,ignoring_inline_asm
