../Core/Src/main.c:101:5:main	72	static
../Core/Src/main.c:213:5:measure_at_frequency	16	static
../Core/Src/main.c:223:6:printf_to_uart	184	static
../Core/Src/main.c:244:6:print_data_to_uart	1112	static
../Core/Src/main.c:294:6:SystemClock_Config	136	static
../Core/Src/main.c:353:13:MX_ADC_Init	16	static
../Core/Src/main.c:438:13:MX_SPI1_Init	8	static
../Core/Src/main.c:496:13:MX_USART2_UART_Init	8	static
../Core/Src/main.c:548:13:MX_GPIO_Init	56	static
../Core/Src/main.c:610:6:Set_VCO_Out_Divider	24	static
../Core/Src/main.c:620:6:Set_VCO_Frequency	56	static
../Core/Src/main.c:650:6:sendBytes	40	static
../Core/Src/main.c:674:6:Initialize_Microwave_Generator	64	static
../Core/Src/main.c:1074:6:Error_Handler	8	static,ignoring_inline_asm
