15:01:56 **** Clean-only build of configuration Debug for project qubesatV4 ****
make clean 
rm -rf  default.size.stdout  qubesatV4.list  qubesatV4.elf  ./Drivers/STM32L0xx_HAL_Driver/Src/stm32l0xx_hal.o ./Drivers/STM32L0xx_HAL_Driver/Src/stm32l0xx_hal_adc.o ./Drivers/STM32L0xx_HAL_Driver/Src/stm32l0xx_hal_adc_ex.o ./Drivers/STM32L0xx_HAL_Driver/Src/stm32l0xx_hal_cortex.o ./Drivers/STM32L0xx_HAL_Driver/Src/stm32l0xx_hal_dma.o ./Drivers/STM32L0xx_HAL_Driver/Src/stm32l0xx_hal_exti.o ./Drivers/STM32L0xx_HAL_Driver/Src/stm32l0xx_hal_flash.o ./Drivers/STM32L0xx_HAL_Driver/Src/stm32l0xx_hal_flash_ex.o ./Drivers/STM32L0xx_HAL_Driver/Src/stm32l0xx_hal_flash_ramfunc.o ./Drivers/STM32L0xx_HAL_Driver/Src/stm32l0xx_hal_gpio.o ./Drivers/STM32L0xx_HAL_Driver/Src/stm32l0xx_hal_i2c.o ./Drivers/STM32L0xx_HAL_Driver/Src/stm32l0xx_hal_i2c_ex.o ./Drivers/STM32L0xx_HAL_Driver/Src/stm32l0xx_hal_pwr.o ./Drivers/STM32L0xx_HAL_Driver/Src/stm32l0xx_hal_pwr_ex.o ./Drivers/STM32L0xx_HAL_Driver/Src/stm32l0xx_hal_rcc.o ./Drivers/STM32L0xx_HAL_Driver/Src/stm32l0xx_hal_rcc_ex.o ./Drivers/STM32L0xx_HAL_Driver/Src/stm32l0xx_hal_spi.o ./Drivers/STM32L0xx_HAL_Driver/Src/stm32l0xx_hal_tim.o ./Drivers/STM32L0xx_HAL_Driver/Src/stm32l0xx_hal_tim_ex.o ./Drivers/STM32L0xx_HAL_Driver/Src/stm32l0xx_hal_uart.o ./Drivers/STM32L0xx_HAL_Driver/Src/stm32l0xx_hal_uart_ex.o  ./Core/Startup/startup_stm32l073rztx.o  ./Core/Src/main.o ./Core/Src/stm32l0xx_hal_msp.o ./Core/Src/stm32l0xx_it.o ./Core/Src/syscalls.o ./Core/Src/sysmem.o ./Core/Src/system_stm32l0xx.o  ./Core/Startup/startup_stm32l073rztx.d  ./Drivers/STM32L0xx_HAL_Driver/Src/stm32l0xx_hal.d ./Drivers/STM32L0xx_HAL_Driver/Src/stm32l0xx_hal_adc.d ./Drivers/STM32L0xx_HAL_Driver/Src/stm32l0xx_hal_adc_ex.d ./Drivers/STM32L0xx_HAL_Driver/Src/stm32l0xx_hal_cortex.d ./Drivers/STM32L0xx_HAL_Driver/Src/stm32l0xx_hal_dma.d ./Drivers/STM32L0xx_HAL_Driver/Src/stm32l0xx_hal_exti.d ./Drivers/STM32L0xx_HAL_Driver/Src/stm32l0xx_hal_flash.d ./Drivers/STM32L0xx_HAL_Driver/Src/stm32l0xx_hal_flash_ex.d ./Drivers/STM32L0xx_HAL_Driver/Src/stm32l0xx_hal_flash_ramfunc.d ./Drivers/STM32L0xx_HAL_Driver/Src/stm32l0xx_hal_gpio.d ./Drivers/STM32L0xx_HAL_Driver/Src/stm32l0xx_hal_i2c.d ./Drivers/STM32L0xx_HAL_Driver/Src/stm32l0xx_hal_i2c_ex.d ./Drivers/STM32L0xx_HAL_Driver/Src/stm32l0xx_hal_pwr.d ./Drivers/STM32L0xx_HAL_Driver/Src/stm32l0xx_hal_pwr_ex.d ./Drivers/STM32L0xx_HAL_Driver/Src/stm32l0xx_hal_rcc.d ./Drivers/STM32L0xx_HAL_Driver/Src/stm32l0xx_hal_rcc_ex.d ./Drivers/STM32L0xx_HAL_Driver/Src/stm32l0xx_hal_spi.d ./Drivers/STM32L0xx_HAL_Driver/Src/stm32l0xx_hal_tim.d ./Drivers/STM32L0xx_HAL_Driver/Src/stm32l0xx_hal_tim_ex.d ./Drivers/STM32L0xx_HAL_Driver/Src/stm32l0xx_hal_uart.d ./Drivers/STM32L0xx_HAL_Driver/Src/stm32l0xx_hal_uart_ex.d  ./Core/Src/main.d ./Core/Src/stm32l0xx_hal_msp.d ./Core/Src/stm32l0xx_it.d ./Core/Src/syscalls.d ./Core/Src/sysmem.d ./Core/Src/system_stm32l0xx.d  qubesatV4.bin  qubesatV4.elf
 
15:01:57 **** Build of configuration Debug for project qubesatV4 ****
make all 
arm-none-eabi-gcc "../Drivers/STM32L0xx_HAL_Driver/Src/stm32l0xx_hal.c" -mcpu=cortex-m0plus -std=gnu11 -g -DDEBUG -DUSE_HAL_DRIVER -DSTM32L073xx -c -I../Drivers/CMSIS/Include -I../Core/Inc -I../Drivers/STM32L0xx_HAL_Driver/Inc -I../Drivers/CMSIS/Device/ST/STM32L0xx/Include -I../Drivers/STM32L0xx_HAL_Driver/Inc/Legacy -O0 -ffunction-sections -fdata-sections -Wall -fstack-usage -MMD -MP -MF"Drivers/STM32L0xx_HAL_Driver/Src/stm32l0xx_hal.d" -MT"Drivers/STM32L0xx_HAL_Driver/Src/stm32l0xx_hal.o" --specs=nano.specs -mfloat-abi=soft -mthumb -o "Drivers/STM32L0xx_HAL_Driver/Src/stm32l0xx_hal.o"
arm-none-eabi-gcc "../Drivers/STM32L0xx_HAL_Driver/Src/stm32l0xx_hal_adc.c" -mcpu=cortex-m0plus -std=gnu11 -g -DDEBUG -DUSE_HAL_DRIVER -DSTM32L073xx -c -I../Drivers/CMSIS/Include -I../Core/Inc -I../Drivers/STM32L0xx_HAL_Driver/Inc -I../Drivers/CMSIS/Device/ST/STM32L0xx/Include -I../Drivers/STM32L0xx_HAL_Driver/Inc/Legacy -O0 -ffunction-sections -fdata-sections -Wall -fstack-usage -MMD -MP -MF"Drivers/STM32L0xx_HAL_Driver/Src/stm32l0xx_hal_adc.d" -MT"Drivers/STM32L0xx_HAL_Driver/Src/stm32l0xx_hal_adc.o" --specs=nano.specs -mfloat-abi=soft -mthumb -o "Drivers/STM32L0xx_HAL_Driver/Src/stm32l0xx_hal_adc.o"
arm-none-eabi-gcc "../Drivers/STM32L0xx_HAL_Driver/Src/stm32l0xx_hal_adc_ex.c" -mcpu=cortex-m0plus -std=gnu11 -g -DDEBUG -DUSE_HAL_DRIVER -DSTM32L073xx -c -I../Drivers/CMSIS/Include -I../Core/Inc -I../Drivers/STM32L0xx_HAL_Driver/Inc -I../Drivers/CMSIS/Device/ST/STM32L0xx/Include -I../Drivers/STM32L0xx_HAL_Driver/Inc/Legacy -O0 -ffunction-sections -fdata-sections -Wall -fstack-usage -MMD -MP -MF"Drivers/STM32L0xx_HAL_Driver/Src/stm32l0xx_hal_adc_ex.d" -MT"Drivers/STM32L0xx_HAL_Driver/Src/stm32l0xx_hal_adc_ex.o" --specs=nano.specs -mfloat-abi=soft -mthumb -o "Drivers/STM32L0xx_HAL_Driver/Src/stm32l0xx_hal_adc_ex.o"
arm-none-eabi-gcc "../Drivers/STM32L0xx_HAL_Driver/Src/stm32l0xx_hal_cortex.c" -mcpu=cortex-m0plus -std=gnu11 -g -DDEBUG -DUSE_HAL_DRIVER -DSTM32L073xx -c -I../Drivers/CMSIS/Include -I../Core/Inc -I../Drivers/STM32L0xx_HAL_Driver/Inc -I../Drivers/CMSIS/Device/ST/STM32L0xx/Include -I../Drivers/STM32L0xx_HAL_Driver/Inc/Legacy -O0 -ffunction-sections -fdata-sections -Wall -fstack-usage -MMD -MP -MF"Drivers/STM32L0xx_HAL_Driver/Src/stm32l0xx_hal_cortex.d" -MT"Drivers/STM32L0xx_HAL_Driver/Src/stm32l0xx_hal_cortex.o" --specs=nano.specs -mfloat-abi=soft -mthumb -o "Drivers/STM32L0xx_HAL_Driver/Src/stm32l0xx_hal_cortex.o"
arm-none-eabi-gcc "../Drivers/STM32L0xx_HAL_Driver/Src/stm32l0xx_hal_dma.c" -mcpu=cortex-m0plus -std=gnu11 -g -DDEBUG -DUSE_HAL_DRIVER -DSTM32L073xx -c -I../Drivers/CMSIS/Include -I../Core/Inc -I../Drivers/STM32L0xx_HAL_Driver/Inc -I../Drivers/CMSIS/Device/ST/STM32L0xx/Include -I../Drivers/STM32L0xx_HAL_Driver/Inc/Legacy -O0 -ffunction-sections -fdata-sections -Wall -fstack-usage -MMD -MP -MF"Drivers/STM32L0xx_HAL_Driver/Src/stm32l0xx_hal_dma.d" -MT"Drivers/STM32L0xx_HAL_Driver/Src/stm32l0xx_hal_dma.o" --specs=nano.specs -mfloat-abi=soft -mthumb -o "Drivers/STM32L0xx_HAL_Driver/Src/stm32l0xx_hal_dma.o"
arm-none-eabi-gcc "../Drivers/STM32L0xx_HAL_Driver/Src/stm32l0xx_hal_exti.c" -mcpu=cortex-m0plus -std=gnu11 -g -DDEBUG -DUSE_HAL_DRIVER -DSTM32L073xx -c -I../Drivers/CMSIS/Include -I../Core/Inc -I../Drivers/STM32L0xx_HAL_Driver/Inc -I../Drivers/CMSIS/Device/ST/STM32L0xx/Include -I../Drivers/STM32L0xx_HAL_Driver/Inc/Legacy -O0 -ffunction-sections -fdata-sections -Wall -fstack-usage -MMD -MP -MF"Drivers/STM32L0xx_HAL_Driver/Src/stm32l0xx_hal_exti.d" -MT"Drivers/STM32L0xx_HAL_Driver/Src/stm32l0xx_hal_exti.o" --specs=nano.specs -mfloat-abi=soft -mthumb -o "Drivers/STM32L0xx_HAL_Driver/Src/stm32l0xx_hal_exti.o"
arm-none-eabi-gcc "../Drivers/STM32L0xx_HAL_Driver/Src/stm32l0xx_hal_flash.c" -mcpu=cortex-m0plus -std=gnu11 -g -DDEBUG -DUSE_HAL_DRIVER -DSTM32L073xx -c -I../Drivers/CMSIS/Include -I../Core/Inc -I../Drivers/STM32L0xx_HAL_Driver/Inc -I../Drivers/CMSIS/Device/ST/STM32L0xx/Include -I../Drivers/STM32L0xx_HAL_Driver/Inc/Legacy -O0 -ffunction-sections -fdata-sections -Wall -fstack-usage -MMD -MP -MF"Drivers/STM32L0xx_HAL_Driver/Src/stm32l0xx_hal_flash.d" -MT"Drivers/STM32L0xx_HAL_Driver/Src/stm32l0xx_hal_flash.o" --specs=nano.specs -mfloat-abi=soft -mthumb -o "Drivers/STM32L0xx_HAL_Driver/Src/stm32l0xx_hal_flash.o"
arm-none-eabi-gcc "../Drivers/STM32L0xx_HAL_Driver/Src/stm32l0xx_hal_flash_ex.c" -mcpu=cortex-m0plus -std=gnu11 -g -DDEBUG -DUSE_HAL_DRIVER -DSTM32L073xx -c -I../Drivers/CMSIS/Include -I../Core/Inc -I../Drivers/STM32L0xx_HAL_Driver/Inc -I../Drivers/CMSIS/Device/ST/STM32L0xx/Include -I../Drivers/STM32L0xx_HAL_Driver/Inc/Legacy -O0 -ffunction-sections -fdata-sections -Wall -fstack-usage -MMD -MP -MF"Drivers/STM32L0xx_HAL_Driver/Src/stm32l0xx_hal_flash_ex.d" -MT"Drivers/STM32L0xx_HAL_Driver/Src/stm32l0xx_hal_flash_ex.o" --specs=nano.specs -mfloat-abi=soft -mthumb -o "Drivers/STM32L0xx_HAL_Driver/Src/stm32l0xx_hal_flash_ex.o"
arm-none-eabi-gcc "../Drivers/STM32L0xx_HAL_Driver/Src/stm32l0xx_hal_flash_ramfunc.c" -mcpu=cortex-m0plus -std=gnu11 -g -DDEBUG -DUSE_HAL_DRIVER -DSTM32L073xx -c -I../Drivers/CMSIS/Include -I../Core/Inc -I../Drivers/STM32L0xx_HAL_Driver/Inc -I../Drivers/CMSIS/Device/ST/STM32L0xx/Include -I../Drivers/STM32L0xx_HAL_Driver/Inc/Legacy -O0 -ffunction-sections -fdata-sections -Wall -fstack-usage -MMD -MP -MF"Drivers/STM32L0xx_HAL_Driver/Src/stm32l0xx_hal_flash_ramfunc.d" -MT"Drivers/STM32L0xx_HAL_Driver/Src/stm32l0xx_hal_flash_ramfunc.o" --specs=nano.specs -mfloat-abi=soft -mthumb -o "Drivers/STM32L0xx_HAL_Driver/Src/stm32l0xx_hal_flash_ramfunc.o"
arm-none-eabi-gcc "../Drivers/STM32L0xx_HAL_Driver/Src/stm32l0xx_hal_gpio.c" -mcpu=cortex-m0plus -std=gnu11 -g -DDEBUG -DUSE_HAL_DRIVER -DSTM32L073xx -c -I../Drivers/CMSIS/Include -I../Core/Inc -I../Drivers/STM32L0xx_HAL_Driver/Inc -I../Drivers/CMSIS/Device/ST/STM32L0xx/Include -I../Drivers/STM32L0xx_HAL_Driver/Inc/Legacy -O0 -ffunction-sections -fdata-sections -Wall -fstack-usage -MMD -MP -MF"Drivers/STM32L0xx_HAL_Driver/Src/stm32l0xx_hal_gpio.d" -MT"Drivers/STM32L0xx_HAL_Driver/Src/stm32l0xx_hal_gpio.o" --specs=nano.specs -mfloat-abi=soft -mthumb -o "Drivers/STM32L0xx_HAL_Driver/Src/stm32l0xx_hal_gpio.o"
arm-none-eabi-gcc "../Drivers/STM32L0xx_HAL_Driver/Src/stm32l0xx_hal_i2c.c" -mcpu=cortex-m0plus -std=gnu11 -g -DDEBUG -DUSE_HAL_DRIVER -DSTM32L073xx -c -I../Drivers/CMSIS/Include -I../Core/Inc -I../Drivers/STM32L0xx_HAL_Driver/Inc -I../Drivers/CMSIS/Device/ST/STM32L0xx/Include -I../Drivers/STM32L0xx_HAL_Driver/Inc/Legacy -O0 -ffunction-sections -fdata-sections -Wall -fstack-usage -MMD -MP -MF"Drivers/STM32L0xx_HAL_Driver/Src/stm32l0xx_hal_i2c.d" -MT"Drivers/STM32L0xx_HAL_Driver/Src/stm32l0xx_hal_i2c.o" --specs=nano.specs -mfloat-abi=soft -mthumb -o "Drivers/STM32L0xx_HAL_Driver/Src/stm32l0xx_hal_i2c.o"
arm-none-eabi-gcc "../Drivers/STM32L0xx_HAL_Driver/Src/stm32l0xx_hal_i2c_ex.c" -mcpu=cortex-m0plus -std=gnu11 -g -DDEBUG -DUSE_HAL_DRIVER -DSTM32L073xx -c -I../Drivers/CMSIS/Include -I../Core/Inc -I../Drivers/STM32L0xx_HAL_Driver/Inc -I../Drivers/CMSIS/Device/ST/STM32L0xx/Include -I../Drivers/STM32L0xx_HAL_Driver/Inc/Legacy -O0 -ffunction-sections -fdata-sections -Wall -fstack-usage -MMD -MP -MF"Drivers/STM32L0xx_HAL_Driver/Src/stm32l0xx_hal_i2c_ex.d" -MT"Drivers/STM32L0xx_HAL_Driver/Src/stm32l0xx_hal_i2c_ex.o" --specs=nano.specs -mfloat-abi=soft -mthumb -o "Drivers/STM32L0xx_HAL_Driver/Src/stm32l0xx_hal_i2c_ex.o"
arm-none-eabi-gcc "../Drivers/STM32L0xx_HAL_Driver/Src/stm32l0xx_hal_pwr.c" -mcpu=cortex-m0plus -std=gnu11 -g -DDEBUG -DUSE_HAL_DRIVER -DSTM32L073xx -c -I../Drivers/CMSIS/Include -I../Core/Inc -I../Drivers/STM32L0xx_HAL_Driver/Inc -I../Drivers/CMSIS/Device/ST/STM32L0xx/Include -I../Drivers/STM32L0xx_HAL_Driver/Inc/Legacy -O0 -ffunction-sections -fdata-sections -Wall -fstack-usage -MMD -MP -MF"Drivers/STM32L0xx_HAL_Driver/Src/stm32l0xx_hal_pwr.d" -MT"Drivers/STM32L0xx_HAL_Driver/Src/stm32l0xx_hal_pwr.o" --specs=nano.specs -mfloat-abi=soft -mthumb -o "Drivers/STM32L0xx_HAL_Driver/Src/stm32l0xx_hal_pwr.o"
arm-none-eabi-gcc "../Drivers/STM32L0xx_HAL_Driver/Src/stm32l0xx_hal_pwr_ex.c" -mcpu=cortex-m0plus -std=gnu11 -g -DDEBUG -DUSE_HAL_DRIVER -DSTM32L073xx -c -I../Drivers/CMSIS/Include -I../Core/Inc -I../Drivers/STM32L0xx_HAL_Driver/Inc -I../Drivers/CMSIS/Device/ST/STM32L0xx/Include -I../Drivers/STM32L0xx_HAL_Driver/Inc/Legacy -O0 -ffunction-sections -fdata-sections -Wall -fstack-usage -MMD -MP -MF"Drivers/STM32L0xx_HAL_Driver/Src/stm32l0xx_hal_pwr_ex.d" -MT"Drivers/STM32L0xx_HAL_Driver/Src/stm32l0xx_hal_pwr_ex.o" --specs=nano.specs -mfloat-abi=soft -mthumb -o "Drivers/STM32L0xx_HAL_Driver/Src/stm32l0xx_hal_pwr_ex.o"
arm-none-eabi-gcc "../Drivers/STM32L0xx_HAL_Driver/Src/stm32l0xx_hal_rcc.c" -mcpu=cortex-m0plus -std=gnu11 -g -DDEBUG -DUSE_HAL_DRIVER -DSTM32L073xx -c -I../Drivers/CMSIS/Include -I../Core/Inc -I../Drivers/STM32L0xx_HAL_Driver/Inc -I../Drivers/CMSIS/Device/ST/STM32L0xx/Include -I../Drivers/STM32L0xx_HAL_Driver/Inc/Legacy -O0 -ffunction-sections -fdata-sections -Wall -fstack-usage -MMD -MP -MF"Drivers/STM32L0xx_HAL_Driver/Src/stm32l0xx_hal_rcc.d" -MT"Drivers/STM32L0xx_HAL_Driver/Src/stm32l0xx_hal_rcc.o" --specs=nano.specs -mfloat-abi=soft -mthumb -o "Drivers/STM32L0xx_HAL_Driver/Src/stm32l0xx_hal_rcc.o"
arm-none-eabi-gcc "../Drivers/STM32L0xx_HAL_Driver/Src/stm32l0xx_hal_rcc_ex.c" -mcpu=cortex-m0plus -std=gnu11 -g -DDEBUG -DUSE_HAL_DRIVER -DSTM32L073xx -c -I../Drivers/CMSIS/Include -I../Core/Inc -I../Drivers/STM32L0xx_HAL_Driver/Inc -I../Drivers/CMSIS/Device/ST/STM32L0xx/Include -I../Drivers/STM32L0xx_HAL_Driver/Inc/Legacy -O0 -ffunction-sections -fdata-sections -Wall -fstack-usage -MMD -MP -MF"Drivers/STM32L0xx_HAL_Driver/Src/stm32l0xx_hal_rcc_ex.d" -MT"Drivers/STM32L0xx_HAL_Driver/Src/stm32l0xx_hal_rcc_ex.o" --specs=nano.specs -mfloat-abi=soft -mthumb -o "Drivers/STM32L0xx_HAL_Driver/Src/stm32l0xx_hal_rcc_ex.o"
arm-none-eabi-gcc "../Drivers/STM32L0xx_HAL_Driver/Src/stm32l0xx_hal_spi.c" -mcpu=cortex-m0plus -std=gnu11 -g -DDEBUG -DUSE_HAL_DRIVER -DSTM32L073xx -c -I../Drivers/CMSIS/Include -I../Core/Inc -I../Drivers/STM32L0xx_HAL_Driver/Inc -I../Drivers/CMSIS/Device/ST/STM32L0xx/Include -I../Drivers/STM32L0xx_HAL_Driver/Inc/Legacy -O0 -ffunction-sections -fdata-sections -Wall -fstack-usage -MMD -MP -MF"Drivers/STM32L0xx_HAL_Driver/Src/stm32l0xx_hal_spi.d" -MT"Drivers/STM32L0xx_HAL_Driver/Src/stm32l0xx_hal_spi.o" --specs=nano.specs -mfloat-abi=soft -mthumb -o "Drivers/STM32L0xx_HAL_Driver/Src/stm32l0xx_hal_spi.o"
arm-none-eabi-gcc "../Drivers/STM32L0xx_HAL_Driver/Src/stm32l0xx_hal_tim.c" -mcpu=cortex-m0plus -std=gnu11 -g -DDEBUG -DUSE_HAL_DRIVER -DSTM32L073xx -c -I../Drivers/CMSIS/Include -I../Core/Inc -I../Drivers/STM32L0xx_HAL_Driver/Inc -I../Drivers/CMSIS/Device/ST/STM32L0xx/Include -I../Drivers/STM32L0xx_HAL_Driver/Inc/Legacy -O0 -ffunction-sections -fdata-sections -Wall -fstack-usage -MMD -MP -MF"Drivers/STM32L0xx_HAL_Driver/Src/stm32l0xx_hal_tim.d" -MT"Drivers/STM32L0xx_HAL_Driver/Src/stm32l0xx_hal_tim.o" --specs=nano.specs -mfloat-abi=soft -mthumb -o "Drivers/STM32L0xx_HAL_Driver/Src/stm32l0xx_hal_tim.o"
arm-none-eabi-gcc "../Drivers/STM32L0xx_HAL_Driver/Src/stm32l0xx_hal_tim_ex.c" -mcpu=cortex-m0plus -std=gnu11 -g -DDEBUG -DUSE_HAL_DRIVER -DSTM32L073xx -c -I../Drivers/CMSIS/Include -I../Core/Inc -I../Drivers/STM32L0xx_HAL_Driver/Inc -I../Drivers/CMSIS/Device/ST/STM32L0xx/Include -I../Drivers/STM32L0xx_HAL_Driver/Inc/Legacy -O0 -ffunction-sections -fdata-sections -Wall -fstack-usage -MMD -MP -MF"Drivers/STM32L0xx_HAL_Driver/Src/stm32l0xx_hal_tim_ex.d" -MT"Drivers/STM32L0xx_HAL_Driver/Src/stm32l0xx_hal_tim_ex.o" --specs=nano.specs -mfloat-abi=soft -mthumb -o "Drivers/STM32L0xx_HAL_Driver/Src/stm32l0xx_hal_tim_ex.o"
arm-none-eabi-gcc "../Drivers/STM32L0xx_HAL_Driver/Src/stm32l0xx_hal_uart.c" -mcpu=cortex-m0plus -std=gnu11 -g -DDEBUG -DUSE_HAL_DRIVER -DSTM32L073xx -c -I../Drivers/CMSIS/Include -I../Core/Inc -I../Drivers/STM32L0xx_HAL_Driver/Inc -I../Drivers/CMSIS/Device/ST/STM32L0xx/Include -I../Drivers/STM32L0xx_HAL_Driver/Inc/Legacy -O0 -ffunction-sections -fdata-sections -Wall -fstack-usage -MMD -MP -MF"Drivers/STM32L0xx_HAL_Driver/Src/stm32l0xx_hal_uart.d" -MT"Drivers/STM32L0xx_HAL_Driver/Src/stm32l0xx_hal_uart.o" --specs=nano.specs -mfloat-abi=soft -mthumb -o "Drivers/STM32L0xx_HAL_Driver/Src/stm32l0xx_hal_uart.o"
arm-none-eabi-gcc "../Drivers/STM32L0xx_HAL_Driver/Src/stm32l0xx_hal_uart_ex.c" -mcpu=cortex-m0plus -std=gnu11 -g -DDEBUG -DUSE_HAL_DRIVER -DSTM32L073xx -c -I../Drivers/CMSIS/Include -I../Core/Inc -I../Drivers/STM32L0xx_HAL_Driver/Inc -I../Drivers/CMSIS/Device/ST/STM32L0xx/Include -I../Drivers/STM32L0xx_HAL_Driver/Inc/Legacy -O0 -ffunction-sections -fdata-sections -Wall -fstack-usage -MMD -MP -MF"Drivers/STM32L0xx_HAL_Driver/Src/stm32l0xx_hal_uart_ex.d" -MT"Drivers/STM32L0xx_HAL_Driver/Src/stm32l0xx_hal_uart_ex.o" --specs=nano.specs -mfloat-abi=soft -mthumb -o "Drivers/STM32L0xx_HAL_Driver/Src/stm32l0xx_hal_uart_ex.o"
arm-none-eabi-gcc -mcpu=cortex-m0plus -g -DDEBUG -c -x assembler-with-cpp -MMD -MP -MF"Core/Startup/startup_stm32l073rztx.d" -MT"Core/Startup/startup_stm32l073rztx.o" --specs=nano.specs -mfloat-abi=soft -mthumb -o "Core/Startup/startup_stm32l073rztx.o" "../Core/Startup/startup_stm32l073rztx.s"
arm-none-eabi-gcc "../Core/Src/main.c" -mcpu=cortex-m0plus -std=gnu11 -g -DDEBUG -DUSE_HAL_DRIVER -DSTM32L073xx -c -I../Drivers/CMSIS/Include -I../Core/Inc -I../Drivers/STM32L0xx_HAL_Driver/Inc -I../Drivers/CMSIS/Device/ST/STM32L0xx/Include -I../Drivers/STM32L0xx_HAL_Driver/Inc/Legacy -O0 -ffunction-sections -fdata-sections -Wall -fstack-usage -MMD -MP -MF"Core/Src/main.d" -MT"Core/Src/main.o" --specs=nano.specs -mfloat-abi=soft -mthumb -o "Core/Src/main.o"
../Core/Src/main.c: In function 'main':
../Core/Src/main.c:145:3: warning: implicit declaration of function 'Initialize_Microwave_Generator' [-Wimplicit-function-declaration]
  145 |   Initialize_Microwave_Generator();
      |   ^~~~~~~~~~~~~~~~~~~~~~~~~~~~~~
../Core/Src/main.c:148:3: warning: implicit declaration of function 'sendBytes' [-Wimplicit-function-declaration]
  148 |   sendBytes(0x4DB8, 0b00101000);
      |   ^~~~~~~~~
../Core/Src/main.c:192:4: warning: implicit declaration of function 'Set_VCO_Frequency' [-Wimplicit-function-declaration]
  192 |    Set_VCO_Frequency(set_freq);
      |    ^~~~~~~~~~~~~~~~~
../Core/Src/main.c:110:12: warning: unused variable 'addr' [-Wunused-variable]
  110 |   uint16_t addr;
      |            ^~~~
../Core/Src/main.c:109:12: warning: unused variable 'freq' [-Wunused-variable]
  109 |   uint16_t freq;
      |            ^~~~
../Core/Src/main.c:108:8: warning: unused variable 'spi_buf' [-Wunused-variable]
  108 |   char spi_buf[20];
      |        ^~~~~~~
../Core/Src/main.c: At top level:
../Core/Src/main.c:471:6: warning: conflicting types for 'Set_VCO_Frequency'
  471 | void Set_VCO_Frequency(int freq) {
      |      ^~~~~~~~~~~~~~~~~
../Core/Src/main.c:192:4: note: previous implicit declaration of 'Set_VCO_Frequency' was here
  192 |    Set_VCO_Frequency(set_freq);
      |    ^~~~~~~~~~~~~~~~~
../Core/Src/main.c: In function 'Set_VCO_Frequency':
../Core/Src/main.c:478:31: warning: implicit declaration of function 'pow' [-Wimplicit-function-declaration]
  478 |  int frac_data = frac_value * pow(2,24);
      |                               ^~~
../Core/Src/main.c:478:31: warning: incompatible implicit declaration of built-in function 'pow'
../Core/Src/main.c:45:1: note: include '<math.h>' or provide a declaration of 'pow'
arm-none-eabi-gcc "../Core/Src/stm32l0xx_hal_msp.c" -mcpu=cortex-m0plus -std=gnu11 -g -DDEBUG -DUSE_HAL_DRIVER -DSTM32L073xx -c -I../Drivers/CMSIS/Include -I../Core/Inc -I../Drivers/STM32L0xx_HAL_Driver/Inc -I../Drivers/CMSIS/Device/ST/STM32L0xx/Include -I../Drivers/STM32L0xx_HAL_Driver/Inc/Legacy -O0 -ffunction-sections -fdata-sections -Wall -fstack-usage -MMD -MP -MF"Core/Src/stm32l0xx_hal_msp.d" -MT"Core/Src/stm32l0xx_hal_msp.o" --specs=nano.specs -mfloat-abi=soft -mthumb -o "Core/Src/stm32l0xx_hal_msp.o"
   44 | #include <stdio.h>
  +++ |+#include <math.h>
   45 | 
../Core/Src/main.c:475:6: warning: unused variable 'frac_mod' [-Wunused-variable]
  475 |  int frac_mod = freq % xtal;
      |      ^~~~~~~~
../Core/Src/main.c: At top level:
../Core/Src/main.c:494:6: warning: conflicting types for 'sendBytes'
  494 | void sendBytes(int data, uint8_t addressByte) {
      |      ^~~~~~~~~
../Core/Src/main.c:148:3: note: previous implicit declaration of 'sendBytes' was here
  148 |   sendBytes(0x4DB8, 0b00101000);
      |   ^~~~~~~~~
../Core/Src/main.c:510:6: warning: conflicting types for 'Initialize_Microwave_Generator'
  510 | void Initialize_Microwave_Generator(void) {
      |      ^~~~~~~~~~~~~~~~~~~~~~~~~~~~~~
../Core/Src/main.c:145:3: note: previous implicit declaration of 'Initialize_Microwave_Generator' was here
  145 |   Initialize_Microwave_Generator();
      |   ^~~~~~~~~~~~~~~~~~~~~~~~~~~~~~
arm-none-eabi-gcc "../Core/Src/stm32l0xx_it.c" -mcpu=cortex-m0plus -std=gnu11 -g -DDEBUG -DUSE_HAL_DRIVER -DSTM32L073xx -c -I../Drivers/CMSIS/Include -I../Core/Inc -I../Drivers/STM32L0xx_HAL_Driver/Inc -I../Drivers/CMSIS/Device/ST/STM32L0xx/Include -I../Drivers/STM32L0xx_HAL_Driver/Inc/Legacy -O0 -ffunction-sections -fdata-sections -Wall -fstack-usage -MMD -MP -MF"Core/Src/stm32l0xx_it.d" -MT"Core/Src/stm32l0xx_it.o" --specs=nano.specs -mfloat-abi=soft -mthumb -o "Core/Src/stm32l0xx_it.o"
arm-none-eabi-gcc "../Core/Src/syscalls.c" -mcpu=cortex-m0plus -std=gnu11 -g -DDEBUG -DUSE_HAL_DRIVER -DSTM32L073xx -c -I../Drivers/CMSIS/Include -I../Core/Inc -I../Drivers/STM32L0xx_HAL_Driver/Inc -I../Drivers/CMSIS/Device/ST/STM32L0xx/Include -I../Drivers/STM32L0xx_HAL_Driver/Inc/Legacy -O0 -ffunction-sections -fdata-sections -Wall -fstack-usage -MMD -MP -MF"Core/Src/syscalls.d" -MT"Core/Src/syscalls.o" --specs=nano.specs -mfloat-abi=soft -mthumb -o "Core/Src/syscalls.o"
arm-none-eabi-gcc "../Core/Src/sysmem.c" -mcpu=cortex-m0plus -std=gnu11 -g -DDEBUG -DUSE_HAL_DRIVER -DSTM32L073xx -c -I../Drivers/CMSIS/Include -I../Core/Inc -I../Drivers/STM32L0xx_HAL_Driver/Inc -I../Drivers/CMSIS/Device/ST/STM32L0xx/Include -I../Drivers/STM32L0xx_HAL_Driver/Inc/Legacy -O0 -ffunction-sections -fdata-sections -Wall -fstack-usage -MMD -MP -MF"Core/Src/sysmem.d" -MT"Core/Src/sysmem.o" --specs=nano.specs -mfloat-abi=soft -mthumb -o "Core/Src/sysmem.o"
arm-none-eabi-gcc "../Core/Src/system_stm32l0xx.c" -mcpu=cortex-m0plus -std=gnu11 -g -DDEBUG -DUSE_HAL_DRIVER -DSTM32L073xx -c -I../Drivers/CMSIS/Include -I../Core/Inc -I../Drivers/STM32L0xx_HAL_Driver/Inc -I../Drivers/CMSIS/Device/ST/STM32L0xx/Include -I../Drivers/STM32L0xx_HAL_Driver/Inc/Legacy -O0 -ffunction-sections -fdata-sections -Wall -fstack-usage -MMD -MP -MF"Core/Src/system_stm32l0xx.d" -MT"Core/Src/system_stm32l0xx.o" --specs=nano.specs -mfloat-abi=soft -mthumb -o "Core/Src/system_stm32l0xx.o"
arm-none-eabi-gcc -o "qubesatV4.elf" @"objects.list"   -mcpu=cortex-m0plus -T"/Users/krishnabhattaram/Downloads/qubesatV4 2/STM32L073RZTX_FLASH.ld" --specs=nosys.specs -Wl,-Map="qubesatV4.map" -Wl,--gc-sections -static --specs=nano.specs -mfloat-abi=soft -mthumb -Wl,--start-group -lc -lm -Wl,--end-group
Finished building target: qubesatV4.elf
 
arm-none-eabi-size   qubesatV4.elf 
   text	   data	    bss	    dec	    hex	filename
  24552	    120	   1904	  26576	   67d0	qubesatV4.elf
Finished building: default.size.stdout
 
arm-none-eabi-objdump -h -S  qubesatV4.elf  > "qubesatV4.list"
Finished building: qubesatV4.list
 
15:02:32 **** Incremental Build of configuration Debug for project qubesatV4 ****
make all 
arm-none-eabi-size   qubesatV4.elf 
   text	   data	    bss	    dec	    hex	filename
  24552	    120	   1904	  26576	   67d0	qubesatV4.elf
Finished building: default.size.stdout
 
15:40:34 **** Incremental Build of configuration Debug for project qubesatV4 ****
make all 
arm-none-eabi-size   qubesatV4.elf 
   text	   data	    bss	    dec	    hex	filename
  24552	    120	   1904	  26576	   67d0	qubesatV4.elf
Finished building: default.size.stdout
 
15:41:34 **** Incremental Build of configuration Debug for project qubesatV4 ****
make all 
arm-none-eabi-gcc "../Core/Src/main.c" -mcpu=cortex-m0plus -std=gnu11 -g -DDEBUG -DUSE_HAL_DRIVER -DSTM32L073xx -c -I../Drivers/CMSIS/Include -I../Core/Inc -I../Drivers/STM32L0xx_HAL_Driver/Inc -I../Drivers/CMSIS/Device/ST/STM32L0xx/Include -I../Drivers/STM32L0xx_HAL_Driver/Inc/Legacy -O0 -ffunction-sections -fdata-sections -Wall -fstack-usage -MMD -MP -MF"Core/Src/main.d" -MT"Core/Src/main.o" --specs=nano.specs -mfloat-abi=soft -mthumb -o "Core/Src/main.o"
../Core/Src/main.c: In function 'main':
../Core/Src/main.c:145:3: warning: implicit declaration of function 'Initialize_Microwave_Generator' [-Wimplicit-function-declaration]
  145 |   Initialize_Microwave_Generator();
      |   ^~~~~~~~~~~~~~~~~~~~~~~~~~~~~~
../Core/Src/main.c:148:3: warning: implicit declaration of function 'sendBytes' [-Wimplicit-function-declaration]
  148 |   sendBytes(0x4DB8, 0b00101000);
      |   ^~~~~~~~~
../Core/Src/main.c:157:3: warning: implicit declaration of function 'Set_VCO_Out_Divider' [-Wimplicit-function-declaration]
  157 |   Set_VCO_Out_Divider(20);
      |   ^~~~~~~~~~~~~~~~~~~
../Core/Src/main.c:191:4: warning: implicit declaration of function 'Set_VCO_Frequency' [-Wimplicit-function-declaration]
  191 |    Set_VCO_Frequency(set_freq);
      |    ^~~~~~~~~~~~~~~~~
../Core/Src/main.c:110:12: warning: unused variable 'addr' [-Wunused-variable]
  110 |   uint16_t addr;
      |            ^~~~
../Core/Src/main.c:109:12: warning: unused variable 'freq' [-Wunused-variable]
  109 |   uint16_t freq;
      |            ^~~~
../Core/Src/main.c:108:8: warning: unused variable 'spi_buf' [-Wunused-variable]
  108 |   char spi_buf[20];
      |        ^~~~~~~
../Core/Src/main.c: At top level:
../Core/Src/main.c:464:6: warning: conflicting types for 'Set_VCO_Out_Divider'
  464 | void Set_VCO_Out_Divider(int divisor) {
      |      ^~~~~~~~~~~~~~~~~~~
../Core/Src/main.c:157:3: note: previous implicit declaration of 'Set_VCO_Out_Divider' was here
  157 |   Set_VCO_Out_Divider(20);
      |   ^~~~~~~~~~~~~~~~~~~
../Core/Src/main.c:470:6: warning: conflicting types for 'Set_VCO_Frequency'
  470 | void Set_VCO_Frequency(int freq) {
      |      ^~~~~~~~~~~~~~~~~
../Core/Src/main.c:191:4: note: previous implicit declaration of 'Set_VCO_Frequency' was here
  191 |    Set_VCO_Frequency(set_freq);
      |    ^~~~~~~~~~~~~~~~~
../Core/Src/main.c: In function 'Set_VCO_Frequency':
../Core/Src/main.c:477:31: warning: implicit declaration of function 'pow' [-Wimplicit-function-declaration]
  477 |  int frac_data = frac_value * pow(2,24);
      |                               ^~~
../Core/Src/main.c:477:31: warning: incompatible implicit declaration of built-in function 'pow'
../Core/Src/main.c:45:1: note: include '<math.h>' or provide a declaration of 'pow'
   44 | #include <stdio.h>
  +++ |+#include <math.h>
   45 | 
../Core/Src/main.c:474:6: warning: unused variable 'frac_mod' [-Wunused-variable]
  474 |  int frac_mod = freq % xtal;
      |      ^~~~~~~~
../Core/Src/main.c: At top level:
../Core/Src/main.c:493:6: warning: conflicting types for 'sendBytes'
  493 | void sendBytes(int data, uint8_t addressByte) {
      |      ^~~~~~~~~
../Core/Src/main.c:148:3: note: previous implicit declaration of 'sendBytes' was here
  148 |   sendBytes(0x4DB8, 0b00101000);
      |   ^~~~~~~~~
../Core/Src/main.c:509:6: warning: conflicting types for 'Initialize_Microwave_Generator'
  509 | void Initialize_Microwave_Generator(void) {
      |      ^~~~~~~~~~~~~~~~~~~~~~~~~~~~~~
../Core/Src/main.c:145:3: note: previous implicit declaration of 'Initialize_Microwave_Generator' was here
  145 |   Initialize_Microwave_Generator();
      |   ^~~~~~~~~~~~~~~~~~~~~~~~~~~~~~
arm-none-eabi-gcc -o "qubesatV4.elf" @"objects.list"   -mcpu=cortex-m0plus -T"/Users/krishnabhattaram/Downloads/qubesatV4 2/STM32L073RZTX_FLASH.ld" --specs=nosys.specs -Wl,-Map="qubesatV4.map" -Wl,--gc-sections -static --specs=nano.specs -mfloat-abi=soft -mthumb -Wl,--start-group -lc -lm -Wl,--end-group
Finished building target: qubesatV4.elf
 
arm-none-eabi-size   qubesatV4.elf 
   text	   data	    bss	    dec	    hex	filename
  24612	    120	   1904	  26636	   680c	qubesatV4.elf
Finished building: default.size.stdout
 
arm-none-eabi-objdump -h -S  qubesatV4.elf  > "qubesatV4.list"
Finished building: qubesatV4.list
 
15:45:46 **** Incremental Build of configuration Debug for project qubesatV4 ****
make all 
arm-none-eabi-gcc "../Core/Src/main.c" -mcpu=cortex-m0plus -std=gnu11 -g -DDEBUG -DUSE_HAL_DRIVER -DSTM32L073xx -c -I../Drivers/CMSIS/Include -I../Core/Inc -I../Drivers/STM32L0xx_HAL_Driver/Inc -I../Drivers/CMSIS/Device/ST/STM32L0xx/Include -I../Drivers/STM32L0xx_HAL_Driver/Inc/Legacy -O0 -ffunction-sections -fdata-sections -Wall -fstack-usage -MMD -MP -MF"Core/Src/main.d" -MT"Core/Src/main.o" --specs=nano.specs -mfloat-abi=soft -mthumb -o "Core/Src/main.o"
../Core/Src/main.c: In function 'main':
../Core/Src/main.c:145:3: warning: implicit declaration of function 'Initialize_Microwave_Generator' [-Wimplicit-function-declaration]
  145 |   Initialize_Microwave_Generator();
      |   ^~~~~~~~~~~~~~~~~~~~~~~~~~~~~~
../Core/Src/main.c:148:3: warning: implicit declaration of function 'sendBytes' [-Wimplicit-function-declaration]
  148 |   sendBytes(0x4DB8, 0b00101000);
      |   ^~~~~~~~~
../Core/Src/main.c:191:4: warning: implicit declaration of function 'Set_VCO_Frequency' [-Wimplicit-function-declaration]
  191 |    Set_VCO_Frequency(set_freq);
      |    ^~~~~~~~~~~~~~~~~
../Core/Src/main.c:110:12: warning: unused variable 'addr' [-Wunused-variable]
  110 |   uint16_t addr;
      |            ^~~~
../Core/Src/main.c:109:12: warning: unused variable 'freq' [-Wunused-variable]
  109 |   uint16_t freq;
      |            ^~~~
../Core/Src/main.c:108:8: warning: unused variable 'spi_buf' [-Wunused-variable]
  108 |   char spi_buf[20];
      |        ^~~~~~~
../Core/Src/main.c: At top level:
../Core/Src/main.c:470:6: warning: conflicting types for 'Set_VCO_Frequency'
  470 | void Set_VCO_Frequency(int freq) {
      |      ^~~~~~~~~~~~~~~~~
../Core/Src/main.c:191:4: note: previous implicit declaration of 'Set_VCO_Frequency' was here
  191 |    Set_VCO_Frequency(set_freq);
      |    ^~~~~~~~~~~~~~~~~
../Core/Src/main.c: In function 'Set_VCO_Frequency':
../Core/Src/main.c:477:31: warning: implicit declaration of function 'pow' [-Wimplicit-function-declaration]
  477 |  int frac_data = frac_value * pow(2,24);
      |                               ^~~
../Core/Src/main.c:477:31: warning: incompatible implicit declaration of built-in function 'pow'
../Core/Src/main.c:45:1: note: include '<math.h>' or provide a declaration of 'pow'
   44 | #include <stdio.h>
  +++ |+#include <math.h>
   45 | 
../Core/Src/main.c:474:6: warning: unused variable 'frac_mod' [-Wunused-variable]
  474 |  int frac_mod = freq % xtal;
      |      ^~~~~~~~
../Core/Src/main.c: At top level:
../Core/Src/main.c:493:6: warning: conflicting types for 'sendBytes'
  493 | void sendBytes(int data, uint8_t addressByte) {
      |      ^~~~~~~~~
../Core/Src/main.c:148:3: note: previous implicit declaration of 'sendBytes' was here
  148 |   sendBytes(0x4DB8, 0b00101000);
      |   ^~~~~~~~~
../Core/Src/main.c:509:6: warning: conflicting types for 'Initialize_Microwave_Generator'
  509 | void Initialize_Microwave_Generator(void) {
      |      ^~~~~~~~~~~~~~~~~~~~~~~~~~~~~~
../Core/Src/main.c:145:3: note: previous implicit declaration of 'Initialize_Microwave_Generator' was here
  145 |   Initialize_Microwave_Generator();
      |   ^~~~~~~~~~~~~~~~~~~~~~~~~~~~~~
arm-none-eabi-gcc -o "qubesatV4.elf" @"objects.list"   -mcpu=cortex-m0plus -T"/Users/krishnabhattaram/Downloads/qubesatV4 2/STM32L073RZTX_FLASH.ld" --specs=nosys.specs -Wl,-Map="qubesatV4.map" -Wl,--gc-sections -static --specs=nano.specs -mfloat-abi=soft -mthumb -Wl,--start-group -lc -lm -Wl,--end-group
Finished building target: qubesatV4.elf
 
arm-none-eabi-size   qubesatV4.elf 
   text	   data	    bss	    dec	    hex	filename
  24552	    120	   1904	  26576	   67d0	qubesatV4.elf
Finished building: default.size.stdout
 
arm-none-eabi-objdump -h -S  qubesatV4.elf  > "qubesatV4.list"
Finished building: qubesatV4.list
 
15:45:43 **** Build of configuration Debug for project qubesatV4 ****
make -j7 all 
arm-none-eabi-gcc "../Drivers/STM32L0xx_HAL_Driver/Src/stm32l0xx_hal.c" -mcpu=cortex-m0plus -std=gnu11 -g3 -DDEBUG -DUSE_HAL_DRIVER -DSTM32L073xx -c -I../Core/Inc -I../Drivers/STM32L0xx_HAL_Driver/Inc -I../Drivers/STM32L0xx_HAL_Driver/Inc/Legacy -I../Drivers/CMSIS/Device/ST/STM32L0xx/Include -I../Drivers/CMSIS/Include -O0 -ffunction-sections -fdata-sections -Wall -fstack-usage -MMD -MP -MF"Drivers/STM32L0xx_HAL_Driver/Src/stm32l0xx_hal.d" -MT"Drivers/STM32L0xx_HAL_Driver/Src/stm32l0xx_hal.o" --specs=nano.specs -mfloat-abi=soft -mthumb -o "Drivers/STM32L0xx_HAL_Driver/Src/stm32l0xx_hal.o"
arm-none-eabi-gcc "../Drivers/STM32L0xx_HAL_Driver/Src/stm32l0xx_hal_adc.c" -mcpu=cortex-m0plus -std=gnu11 -g3 -DDEBUG -DUSE_HAL_DRIVER -DSTM32L073xx -c -I../Core/Inc -I../Drivers/STM32L0xx_HAL_Driver/Inc -I../Drivers/STM32L0xx_HAL_Driver/Inc/Legacy -I../Drivers/CMSIS/Device/ST/STM32L0xx/Include -I../Drivers/CMSIS/Include -O0 -ffunction-sections -fdata-sections -Wall -fstack-usage -MMD -MP -MF"Drivers/STM32L0xx_HAL_Driver/Src/stm32l0xx_hal_adc.d" -MT"Drivers/STM32L0xx_HAL_Driver/Src/stm32l0xx_hal_adc.o" --specs=nano.specs -mfloat-abi=soft -mthumb -o "Drivers/STM32L0xx_HAL_Driver/Src/stm32l0xx_hal_adc.o"
arm-none-eabi-gcc "../Drivers/STM32L0xx_HAL_Driver/Src/stm32l0xx_hal_adc_ex.c" -mcpu=cortex-m0plus -std=gnu11 -g3 -DDEBUG -DUSE_HAL_DRIVER -DSTM32L073xx -c -I../Core/Inc -I../Drivers/STM32L0xx_HAL_Driver/Inc -I../Drivers/STM32L0xx_HAL_Driver/Inc/Legacy -I../Drivers/CMSIS/Device/ST/STM32L0xx/Include -I../Drivers/CMSIS/Include -O0 -ffunction-sections -fdata-sections -Wall -fstack-usage -MMD -MP -MF"Drivers/STM32L0xx_HAL_Driver/Src/stm32l0xx_hal_adc_ex.d" -MT"Drivers/STM32L0xx_HAL_Driver/Src/stm32l0xx_hal_adc_ex.o" --specs=nano.specs -mfloat-abi=soft -mthumb -o "Drivers/STM32L0xx_HAL_Driver/Src/stm32l0xx_hal_adc_ex.o"
arm-none-eabi-gcc "../Drivers/STM32L0xx_HAL_Driver/Src/stm32l0xx_hal_cortex.c" -mcpu=cortex-m0plus -std=gnu11 -g3 -DDEBUG -DUSE_HAL_DRIVER -DSTM32L073xx -c -I../Core/Inc -I../Drivers/STM32L0xx_HAL_Driver/Inc -I../Drivers/STM32L0xx_HAL_Driver/Inc/Legacy -I../Drivers/CMSIS/Device/ST/STM32L0xx/Include -I../Drivers/CMSIS/Include -O0 -ffunction-sections -fdata-sections -Wall -fstack-usage -MMD -MP -MF"Drivers/STM32L0xx_HAL_Driver/Src/stm32l0xx_hal_cortex.d" -MT"Drivers/STM32L0xx_HAL_Driver/Src/stm32l0xx_hal_cortex.o" --specs=nano.specs -mfloat-abi=soft -mthumb -o "Drivers/STM32L0xx_HAL_Driver/Src/stm32l0xx_hal_cortex.o"
arm-none-eabi-gcc "../Drivers/STM32L0xx_HAL_Driver/Src/stm32l0xx_hal_dma.c" -mcpu=cortex-m0plus -std=gnu11 -g3 -DDEBUG -DUSE_HAL_DRIVER -DSTM32L073xx -c -I../Core/Inc -I../Drivers/STM32L0xx_HAL_Driver/Inc -I../Drivers/STM32L0xx_HAL_Driver/Inc/Legacy -I../Drivers/CMSIS/Device/ST/STM32L0xx/Include -I../Drivers/CMSIS/Include -O0 -ffunction-sections -fdata-sections -Wall -fstack-usage -MMD -MP -MF"Drivers/STM32L0xx_HAL_Driver/Src/stm32l0xx_hal_dma.d" -MT"Drivers/STM32L0xx_HAL_Driver/Src/stm32l0xx_hal_dma.o" --specs=nano.specs -mfloat-abi=soft -mthumb -o "Drivers/STM32L0xx_HAL_Driver/Src/stm32l0xx_hal_dma.o"
arm-none-eabi-gcc "../Drivers/STM32L0xx_HAL_Driver/Src/stm32l0xx_hal_exti.c" -mcpu=cortex-m0plus -std=gnu11 -g3 -DDEBUG -DUSE_HAL_DRIVER -DSTM32L073xx -c -I../Core/Inc -I../Drivers/STM32L0xx_HAL_Driver/Inc -I../Drivers/STM32L0xx_HAL_Driver/Inc/Legacy -I../Drivers/CMSIS/Device/ST/STM32L0xx/Include -I../Drivers/CMSIS/Include -O0 -ffunction-sections -fdata-sections -Wall -fstack-usage -MMD -MP -MF"Drivers/STM32L0xx_HAL_Driver/Src/stm32l0xx_hal_exti.d" -MT"Drivers/STM32L0xx_HAL_Driver/Src/stm32l0xx_hal_exti.o" --specs=nano.specs -mfloat-abi=soft -mthumb -o "Drivers/STM32L0xx_HAL_Driver/Src/stm32l0xx_hal_exti.o"
arm-none-eabi-gcc "../Drivers/STM32L0xx_HAL_Driver/Src/stm32l0xx_hal_flash.c" -mcpu=cortex-m0plus -std=gnu11 -g3 -DDEBUG -DUSE_HAL_DRIVER -DSTM32L073xx -c -I../Core/Inc -I../Drivers/STM32L0xx_HAL_Driver/Inc -I../Drivers/STM32L0xx_HAL_Driver/Inc/Legacy -I../Drivers/CMSIS/Device/ST/STM32L0xx/Include -I../Drivers/CMSIS/Include -O0 -ffunction-sections -fdata-sections -Wall -fstack-usage -MMD -MP -MF"Drivers/STM32L0xx_HAL_Driver/Src/stm32l0xx_hal_flash.d" -MT"Drivers/STM32L0xx_HAL_Driver/Src/stm32l0xx_hal_flash.o" --specs=nano.specs -mfloat-abi=soft -mthumb -o "Drivers/STM32L0xx_HAL_Driver/Src/stm32l0xx_hal_flash.o"
arm-none-eabi-gcc "../Drivers/STM32L0xx_HAL_Driver/Src/stm32l0xx_hal_flash_ex.c" -mcpu=cortex-m0plus -std=gnu11 -g3 -DDEBUG -DUSE_HAL_DRIVER -DSTM32L073xx -c -I../Core/Inc -I../Drivers/STM32L0xx_HAL_Driver/Inc -I../Drivers/STM32L0xx_HAL_Driver/Inc/Legacy -I../Drivers/CMSIS/Device/ST/STM32L0xx/Include -I../Drivers/CMSIS/Include -O0 -ffunction-sections -fdata-sections -Wall -fstack-usage -MMD -MP -MF"Drivers/STM32L0xx_HAL_Driver/Src/stm32l0xx_hal_flash_ex.d" -MT"Drivers/STM32L0xx_HAL_Driver/Src/stm32l0xx_hal_flash_ex.o" --specs=nano.specs -mfloat-abi=soft -mthumb -o "Drivers/STM32L0xx_HAL_Driver/Src/stm32l0xx_hal_flash_ex.o"
arm-none-eabi-gcc "../Drivers/STM32L0xx_HAL_Driver/Src/stm32l0xx_hal_flash_ramfunc.c" -mcpu=cortex-m0plus -std=gnu11 -g3 -DDEBUG -DUSE_HAL_DRIVER -DSTM32L073xx -c -I../Core/Inc -I../Drivers/STM32L0xx_HAL_Driver/Inc -I../Drivers/STM32L0xx_HAL_Driver/Inc/Legacy -I../Drivers/CMSIS/Device/ST/STM32L0xx/Include -I../Drivers/CMSIS/Include -O0 -ffunction-sections -fdata-sections -Wall -fstack-usage -MMD -MP -MF"Drivers/STM32L0xx_HAL_Driver/Src/stm32l0xx_hal_flash_ramfunc.d" -MT"Drivers/STM32L0xx_HAL_Driver/Src/stm32l0xx_hal_flash_ramfunc.o" --specs=nano.specs -mfloat-abi=soft -mthumb -o "Drivers/STM32L0xx_HAL_Driver/Src/stm32l0xx_hal_flash_ramfunc.o"
arm-none-eabi-gcc "../Drivers/STM32L0xx_HAL_Driver/Src/stm32l0xx_hal_gpio.c" -mcpu=cortex-m0plus -std=gnu11 -g3 -DDEBUG -DUSE_HAL_DRIVER -DSTM32L073xx -c -I../Core/Inc -I../Drivers/STM32L0xx_HAL_Driver/Inc -I../Drivers/STM32L0xx_HAL_Driver/Inc/Legacy -I../Drivers/CMSIS/Device/ST/STM32L0xx/Include -I../Drivers/CMSIS/Include -O0 -ffunction-sections -fdata-sections -Wall -fstack-usage -MMD -MP -MF"Drivers/STM32L0xx_HAL_Driver/Src/stm32l0xx_hal_gpio.d" -MT"Drivers/STM32L0xx_HAL_Driver/Src/stm32l0xx_hal_gpio.o" --specs=nano.specs -mfloat-abi=soft -mthumb -o "Drivers/STM32L0xx_HAL_Driver/Src/stm32l0xx_hal_gpio.o"
arm-none-eabi-gcc "../Drivers/STM32L0xx_HAL_Driver/Src/stm32l0xx_hal_i2c.c" -mcpu=cortex-m0plus -std=gnu11 -g3 -DDEBUG -DUSE_HAL_DRIVER -DSTM32L073xx -c -I../Core/Inc -I../Drivers/STM32L0xx_HAL_Driver/Inc -I../Drivers/STM32L0xx_HAL_Driver/Inc/Legacy -I../Drivers/CMSIS/Device/ST/STM32L0xx/Include -I../Drivers/CMSIS/Include -O0 -ffunction-sections -fdata-sections -Wall -fstack-usage -MMD -MP -MF"Drivers/STM32L0xx_HAL_Driver/Src/stm32l0xx_hal_i2c.d" -MT"Drivers/STM32L0xx_HAL_Driver/Src/stm32l0xx_hal_i2c.o" --specs=nano.specs -mfloat-abi=soft -mthumb -o "Drivers/STM32L0xx_HAL_Driver/Src/stm32l0xx_hal_i2c.o"
arm-none-eabi-gcc "../Drivers/STM32L0xx_HAL_Driver/Src/stm32l0xx_hal_i2c_ex.c" -mcpu=cortex-m0plus -std=gnu11 -g3 -DDEBUG -DUSE_HAL_DRIVER -DSTM32L073xx -c -I../Core/Inc -I../Drivers/STM32L0xx_HAL_Driver/Inc -I../Drivers/STM32L0xx_HAL_Driver/Inc/Legacy -I../Drivers/CMSIS/Device/ST/STM32L0xx/Include -I../Drivers/CMSIS/Include -O0 -ffunction-sections -fdata-sections -Wall -fstack-usage -MMD -MP -MF"Drivers/STM32L0xx_HAL_Driver/Src/stm32l0xx_hal_i2c_ex.d" -MT"Drivers/STM32L0xx_HAL_Driver/Src/stm32l0xx_hal_i2c_ex.o" --specs=nano.specs -mfloat-abi=soft -mthumb -o "Drivers/STM32L0xx_HAL_Driver/Src/stm32l0xx_hal_i2c_ex.o"
arm-none-eabi-gcc "../Drivers/STM32L0xx_HAL_Driver/Src/stm32l0xx_hal_pwr.c" -mcpu=cortex-m0plus -std=gnu11 -g3 -DDEBUG -DUSE_HAL_DRIVER -DSTM32L073xx -c -I../Core/Inc -I../Drivers/STM32L0xx_HAL_Driver/Inc -I../Drivers/STM32L0xx_HAL_Driver/Inc/Legacy -I../Drivers/CMSIS/Device/ST/STM32L0xx/Include -I../Drivers/CMSIS/Include -O0 -ffunction-sections -fdata-sections -Wall -fstack-usage -MMD -MP -MF"Drivers/STM32L0xx_HAL_Driver/Src/stm32l0xx_hal_pwr.d" -MT"Drivers/STM32L0xx_HAL_Driver/Src/stm32l0xx_hal_pwr.o" --specs=nano.specs -mfloat-abi=soft -mthumb -o "Drivers/STM32L0xx_HAL_Driver/Src/stm32l0xx_hal_pwr.o"
arm-none-eabi-gcc "../Drivers/STM32L0xx_HAL_Driver/Src/stm32l0xx_hal_pwr_ex.c" -mcpu=cortex-m0plus -std=gnu11 -g3 -DDEBUG -DUSE_HAL_DRIVER -DSTM32L073xx -c -I../Core/Inc -I../Drivers/STM32L0xx_HAL_Driver/Inc -I../Drivers/STM32L0xx_HAL_Driver/Inc/Legacy -I../Drivers/CMSIS/Device/ST/STM32L0xx/Include -I../Drivers/CMSIS/Include -O0 -ffunction-sections -fdata-sections -Wall -fstack-usage -MMD -MP -MF"Drivers/STM32L0xx_HAL_Driver/Src/stm32l0xx_hal_pwr_ex.d" -MT"Drivers/STM32L0xx_HAL_Driver/Src/stm32l0xx_hal_pwr_ex.o" --specs=nano.specs -mfloat-abi=soft -mthumb -o "Drivers/STM32L0xx_HAL_Driver/Src/stm32l0xx_hal_pwr_ex.o"
arm-none-eabi-gcc "../Drivers/STM32L0xx_HAL_Driver/Src/stm32l0xx_hal_rcc.c" -mcpu=cortex-m0plus -std=gnu11 -g3 -DDEBUG -DUSE_HAL_DRIVER -DSTM32L073xx -c -I../Core/Inc -I../Drivers/STM32L0xx_HAL_Driver/Inc -I../Drivers/STM32L0xx_HAL_Driver/Inc/Legacy -I../Drivers/CMSIS/Device/ST/STM32L0xx/Include -I../Drivers/CMSIS/Include -O0 -ffunction-sections -fdata-sections -Wall -fstack-usage -MMD -MP -MF"Drivers/STM32L0xx_HAL_Driver/Src/stm32l0xx_hal_rcc.d" -MT"Drivers/STM32L0xx_HAL_Driver/Src/stm32l0xx_hal_rcc.o" --specs=nano.specs -mfloat-abi=soft -mthumb -o "Drivers/STM32L0xx_HAL_Driver/Src/stm32l0xx_hal_rcc.o"
arm-none-eabi-gcc "../Drivers/STM32L0xx_HAL_Driver/Src/stm32l0xx_hal_rcc_ex.c" -mcpu=cortex-m0plus -std=gnu11 -g3 -DDEBUG -DUSE_HAL_DRIVER -DSTM32L073xx -c -I../Core/Inc -I../Drivers/STM32L0xx_HAL_Driver/Inc -I../Drivers/STM32L0xx_HAL_Driver/Inc/Legacy -I../Drivers/CMSIS/Device/ST/STM32L0xx/Include -I../Drivers/CMSIS/Include -O0 -ffunction-sections -fdata-sections -Wall -fstack-usage -MMD -MP -MF"Drivers/STM32L0xx_HAL_Driver/Src/stm32l0xx_hal_rcc_ex.d" -MT"Drivers/STM32L0xx_HAL_Driver/Src/stm32l0xx_hal_rcc_ex.o" --specs=nano.specs -mfloat-abi=soft -mthumb -o "Drivers/STM32L0xx_HAL_Driver/Src/stm32l0xx_hal_rcc_ex.o"
arm-none-eabi-gcc "../Drivers/STM32L0xx_HAL_Driver/Src/stm32l0xx_hal_spi.c" -mcpu=cortex-m0plus -std=gnu11 -g3 -DDEBUG -DUSE_HAL_DRIVER -DSTM32L073xx -c -I../Core/Inc -I../Drivers/STM32L0xx_HAL_Driver/Inc -I../Drivers/STM32L0xx_HAL_Driver/Inc/Legacy -I../Drivers/CMSIS/Device/ST/STM32L0xx/Include -I../Drivers/CMSIS/Include -O0 -ffunction-sections -fdata-sections -Wall -fstack-usage -MMD -MP -MF"Drivers/STM32L0xx_HAL_Driver/Src/stm32l0xx_hal_spi.d" -MT"Drivers/STM32L0xx_HAL_Driver/Src/stm32l0xx_hal_spi.o" --specs=nano.specs -mfloat-abi=soft -mthumb -o "Drivers/STM32L0xx_HAL_Driver/Src/stm32l0xx_hal_spi.o"
arm-none-eabi-gcc "../Drivers/STM32L0xx_HAL_Driver/Src/stm32l0xx_hal_tim.c" -mcpu=cortex-m0plus -std=gnu11 -g3 -DDEBUG -DUSE_HAL_DRIVER -DSTM32L073xx -c -I../Core/Inc -I../Drivers/STM32L0xx_HAL_Driver/Inc -I../Drivers/STM32L0xx_HAL_Driver/Inc/Legacy -I../Drivers/CMSIS/Device/ST/STM32L0xx/Include -I../Drivers/CMSIS/Include -O0 -ffunction-sections -fdata-sections -Wall -fstack-usage -MMD -MP -MF"Drivers/STM32L0xx_HAL_Driver/Src/stm32l0xx_hal_tim.d" -MT"Drivers/STM32L0xx_HAL_Driver/Src/stm32l0xx_hal_tim.o" --specs=nano.specs -mfloat-abi=soft -mthumb -o "Drivers/STM32L0xx_HAL_Driver/Src/stm32l0xx_hal_tim.o"
arm-none-eabi-gcc "../Drivers/STM32L0xx_HAL_Driver/Src/stm32l0xx_hal_tim_ex.c" -mcpu=cortex-m0plus -std=gnu11 -g3 -DDEBUG -DUSE_HAL_DRIVER -DSTM32L073xx -c -I../Core/Inc -I../Drivers/STM32L0xx_HAL_Driver/Inc -I../Drivers/STM32L0xx_HAL_Driver/Inc/Legacy -I../Drivers/CMSIS/Device/ST/STM32L0xx/Include -I../Drivers/CMSIS/Include -O0 -ffunction-sections -fdata-sections -Wall -fstack-usage -MMD -MP -MF"Drivers/STM32L0xx_HAL_Driver/Src/stm32l0xx_hal_tim_ex.d" -MT"Drivers/STM32L0xx_HAL_Driver/Src/stm32l0xx_hal_tim_ex.o" --specs=nano.specs -mfloat-abi=soft -mthumb -o "Drivers/STM32L0xx_HAL_Driver/Src/stm32l0xx_hal_tim_ex.o"
arm-none-eabi-gcc "../Drivers/STM32L0xx_HAL_Driver/Src/stm32l0xx_hal_uart.c" -mcpu=cortex-m0plus -std=gnu11 -g3 -DDEBUG -DUSE_HAL_DRIVER -DSTM32L073xx -c -I../Core/Inc -I../Drivers/STM32L0xx_HAL_Driver/Inc -I../Drivers/STM32L0xx_HAL_Driver/Inc/Legacy -I../Drivers/CMSIS/Device/ST/STM32L0xx/Include -I../Drivers/CMSIS/Include -O0 -ffunction-sections -fdata-sections -Wall -fstack-usage -MMD -MP -MF"Drivers/STM32L0xx_HAL_Driver/Src/stm32l0xx_hal_uart.d" -MT"Drivers/STM32L0xx_HAL_Driver/Src/stm32l0xx_hal_uart.o" --specs=nano.specs -mfloat-abi=soft -mthumb -o "Drivers/STM32L0xx_HAL_Driver/Src/stm32l0xx_hal_uart.o"
arm-none-eabi-gcc "../Drivers/STM32L0xx_HAL_Driver/Src/stm32l0xx_hal_uart_ex.c" -mcpu=cortex-m0plus -std=gnu11 -g3 -DDEBUG -DUSE_HAL_DRIVER -DSTM32L073xx -c -I../Core/Inc -I../Drivers/STM32L0xx_HAL_Driver/Inc -I../Drivers/STM32L0xx_HAL_Driver/Inc/Legacy -I../Drivers/CMSIS/Device/ST/STM32L0xx/Include -I../Drivers/CMSIS/Include -O0 -ffunction-sections -fdata-sections -Wall -fstack-usage -MMD -MP -MF"Drivers/STM32L0xx_HAL_Driver/Src/stm32l0xx_hal_uart_ex.d" -MT"Drivers/STM32L0xx_HAL_Driver/Src/stm32l0xx_hal_uart_ex.o" --specs=nano.specs -mfloat-abi=soft -mthumb -o "Drivers/STM32L0xx_HAL_Driver/Src/stm32l0xx_hal_uart_ex.o"
arm-none-eabi-gcc -mcpu=cortex-m0plus -g3 -DDEBUG -c -x assembler-with-cpp -MMD -MP -MF"Core/Startup/startup_stm32l073rztx.d" -MT"Core/Startup/startup_stm32l073rztx.o" --specs=nano.specs -mfloat-abi=soft -mthumb -o "Core/Startup/startup_stm32l073rztx.o" "../Core/Startup/startup_stm32l073rztx.s"
arm-none-eabi-gcc "../Core/Src/main.c" -mcpu=cortex-m0plus -std=gnu11 -g3 -DDEBUG -DUSE_HAL_DRIVER -DSTM32L073xx -c -I../Core/Inc -I../Drivers/STM32L0xx_HAL_Driver/Inc -I../Drivers/STM32L0xx_HAL_Driver/Inc/Legacy -I../Drivers/CMSIS/Device/ST/STM32L0xx/Include -I../Drivers/CMSIS/Include -O0 -ffunction-sections -fdata-sections -Wall -fstack-usage -MMD -MP -MF"Core/Src/main.d" -MT"Core/Src/main.o" --specs=nano.specs -mfloat-abi=soft -mthumb -o "Core/Src/main.o"
arm-none-eabi-gcc "../Core/Src/stm32l0xx_hal_msp.c" -mcpu=cortex-m0plus -std=gnu11 -g3 -DDEBUG -DUSE_HAL_DRIVER -DSTM32L073xx -c -I../Core/Inc -I../Drivers/STM32L0xx_HAL_Driver/Inc -I../Drivers/STM32L0xx_HAL_Driver/Inc/Legacy -I../Drivers/CMSIS/Device/ST/STM32L0xx/Include -I../Drivers/CMSIS/Include -O0 -ffunction-sections -fdata-sections -Wall -fstack-usage -MMD -MP -MF"Core/Src/stm32l0xx_hal_msp.d" -MT"Core/Src/stm32l0xx_hal_msp.o" --specs=nano.specs -mfloat-abi=soft -mthumb -o "Core/Src/stm32l0xx_hal_msp.o"
arm-none-eabi-gcc "../Core/Src/stm32l0xx_it.c" -mcpu=cortex-m0plus -std=gnu11 -g3 -DDEBUG -DUSE_HAL_DRIVER -DSTM32L073xx -c -I../Core/Inc -I../Drivers/STM32L0xx_HAL_Driver/Inc -I../Drivers/STM32L0xx_HAL_Driver/Inc/Legacy -I../Drivers/CMSIS/Device/ST/STM32L0xx/Include -I../Drivers/CMSIS/Include -O0 -ffunction-sections -fdata-sections -Wall -fstack-usage -MMD -MP -MF"Core/Src/stm32l0xx_it.d" -MT"Core/Src/stm32l0xx_it.o" --specs=nano.specs -mfloat-abi=soft -mthumb -o "Core/Src/stm32l0xx_it.o"
arm-none-eabi-gcc "../Core/Src/syscalls.c" -mcpu=cortex-m0plus -std=gnu11 -g3 -DDEBUG -DUSE_HAL_DRIVER -DSTM32L073xx -c -I../Core/Inc -I../Drivers/STM32L0xx_HAL_Driver/Inc -I../Drivers/STM32L0xx_HAL_Driver/Inc/Legacy -I../Drivers/CMSIS/Device/ST/STM32L0xx/Include -I../Drivers/CMSIS/Include -O0 -ffunction-sections -fdata-sections -Wall -fstack-usage -MMD -MP -MF"Core/Src/syscalls.d" -MT"Core/Src/syscalls.o" --specs=nano.specs -mfloat-abi=soft -mthumb -o "Core/Src/syscalls.o"
../Core/Src/main.c: In function 'main':
../Core/Src/main.c:231:3: warning: implicit declaration of function 'Initialize_Microwave_Generator' [-Wimplicit-function-declaration]
arm-none-eabi-gcc "../Core/Src/sysmem.c" -mcpu=cortex-m0plus -std=gnu11 -g3 -DDEBUG -DUSE_HAL_DRIVER -DSTM32L073xx -c -I../Core/Inc -I../Drivers/STM32L0xx_HAL_Driver/Inc -I../Drivers/STM32L0xx_HAL_Driver/Inc/Legacy -I../Drivers/CMSIS/Device/ST/STM32L0xx/Include -I../Drivers/CMSIS/Include -O0 -ffunction-sections -fdata-sections -Wall -fstack-usage -MMD -MP -MF"Core/Src/sysmem.d" -MT"Core/Src/sysmem.o" --specs=nano.specs -mfloat-abi=soft -mthumb -o "Core/Src/sysmem.o"
  231 |   Initialize_Microwave_Generator();
      |   ^~~~~~~~~~~~~~~~~~~~~~~~~~~~~~
../Core/Src/main.c:235:3: warning: implicit declaration of function 'sendBytes' [-Wimplicit-function-declaration]
  235 |   sendBytes(0x4DB8, 0b00101000);
      |   ^~~~~~~~~
../Core/Src/main.c:319:7: warning: implicit declaration of function 'Set_VCO_Frequency' [-Wimplicit-function-declaration]
  319 |       Set_VCO_Frequency(set_freq);
      |       ^~~~~~~~~~~~~~~~~
../Core/Src/main.c:161:11: warning: unused variable 'addr' [-Wunused-variable]
  161 |  uint16_t addr;
      |           ^~~~
../Core/Src/main.c:159:11: warning: unused variable 'freq' [-Wunused-variable]
  159 |  uint16_t freq;
      |           ^~~~
arm-none-eabi-gcc "../Core/Src/system_stm32l0xx.c" -mcpu=cortex-m0plus -std=gnu11 -g3 -DDEBUG -DUSE_HAL_DRIVER -DSTM32L073xx -c -I../Core/Inc -I../Drivers/STM32L0xx_HAL_Driver/Inc -I../Drivers/STM32L0xx_HAL_Driver/Inc/Legacy -I../Drivers/CMSIS/Device/ST/STM32L0xx/Include -I../Drivers/CMSIS/Include -O0 -ffunction-sections -fdata-sections -Wall -fstack-usage -MMD -MP -MF"Core/Src/system_stm32l0xx.d" -MT"Core/Src/system_stm32l0xx.o" --specs=nano.specs -mfloat-abi=soft -mthumb -o "Core/Src/system_stm32l0xx.o"
../Core/Src/main.c:157:7: warning: unused variable 'spi_buf' [-Wunused-variable]
  157 |  char spi_buf[20];
      |       ^~~~~~~
../Core/Src/main.c: At top level:
../Core/Src/main.c:824:6: warning: conflicting types for 'Set_VCO_Frequency'
  824 | void Set_VCO_Frequency(int freq) {
      |      ^~~~~~~~~~~~~~~~~
../Core/Src/main.c:319:7: note: previous implicit declaration of 'Set_VCO_Frequency' was here
  319 |       Set_VCO_Frequency(set_freq);
      |       ^~~~~~~~~~~~~~~~~
../Core/Src/main.c: In function 'Set_VCO_Frequency':
../Core/Src/main.c:838:31: warning: implicit declaration of function 'pow' [-Wimplicit-function-declaration]
  838 |  int frac_data = frac_value * pow(2,24);
      |                               ^~~
../Core/Src/main.c:838:31: warning: incompatible implicit declaration of built-in function 'pow'
../Core/Src/main.c:50:1: note: include '<math.h>' or provide a declaration of 'pow'
   49 | #include <stdio.h>
  +++ |+#include <math.h>
   50 | 
../Core/Src/main.c:832:6: warning: unused variable 'frac_mod' [-Wunused-variable]
  832 |  int frac_mod = freq % xtal;
      |      ^~~~~~~~
../Core/Src/main.c: At top level:
../Core/Src/main.c:870:6: warning: conflicting types for 'sendBytes'
  870 | void sendBytes(int data, uint8_t addressByte) {
      |      ^~~~~~~~~
../Core/Src/main.c:235:3: note: previous implicit declaration of 'sendBytes' was here
  235 |   sendBytes(0x4DB8, 0b00101000);
      |   ^~~~~~~~~
../Core/Src/main.c:902:6: warning: conflicting types for 'Initialize_Microwave_Generator'
  902 | void Initialize_Microwave_Generator(void) {
      |      ^~~~~~~~~~~~~~~~~~~~~~~~~~~~~~
../Core/Src/main.c:231:3: note: previous implicit declaration of 'Initialize_Microwave_Generator' was here
  231 |   Initialize_Microwave_Generator();
      |   ^~~~~~~~~~~~~~~~~~~~~~~~~~~~~~
arm-none-eabi-gcc -o "qubesatV4.elf" @"objects.list"   -mcpu=cortex-m0plus -T"/Users/krishnabhattaram/STM32CubeIDE/workspace_1.9.0/qubesatV4/STM32L073RZTX_FLASH.ld" --specs=nosys.specs -Wl,-Map="qubesatV4.map" -Wl,--gc-sections -static --specs=nano.specs -mfloat-abi=soft -mthumb -Wl,--start-group -lc -lm -Wl,--end-group
Finished building target: qubesatV4.elf
 
arm-none-eabi-size   qubesatV4.elf 
arm-none-eabi-objdump -h -S  qubesatV4.elf  > "qubesatV4.list"
   text	   data	    bss	    dec	    hex	filename
  24556	    120	   1904	  26580	   67d4	qubesatV4.elf
Finished building: default.size.stdout
 
Finished building: qubesatV4.list
 
15:46:02 **** Incremental Build of configuration Debug for project qubesatV4 ****
make -j7 all 
arm-none-eabi-size   qubesatV4.elf 
   text	   data	    bss	    dec	    hex	filename
  24556	    120	   1904	  26580	   67d4	qubesatV4.elf
Finished building: default.size.stdout
 
15:35:17 **** Build of configuration Debug for project qubesatV4 ****
make -j7 all 
arm-none-eabi-gcc "../Core/Src/main.c" -mcpu=cortex-m0plus -std=gnu11 -g3 -DDEBUG -DUSE_HAL_DRIVER -DSTM32L073xx -c -I../Core/Inc -I../Drivers/STM32L0xx_HAL_Driver/Inc -I../Drivers/STM32L0xx_HAL_Driver/Inc/Legacy -I../Drivers/CMSIS/Device/ST/STM32L0xx/Include -I../Drivers/CMSIS/Include -O0 -ffunction-sections -fdata-sections -Wall -fstack-usage -MMD -MP -MF"Core/Src/main.d" -MT"Core/Src/main.o" --specs=nano.specs -mfloat-abi=soft -mthumb -o "Core/Src/main.o"
../Core/Src/main.c: In function 'main':
../Core/Src/main.c:231:3: warning: implicit declaration of function 'Initialize_Microwave_Generator' [-Wimplicit-function-declaration]
  231 |   Initialize_Microwave_Generator();
      |   ^~~~~~~~~~~~~~~~~~~~~~~~~~~~~~
../Core/Src/main.c:235:3: warning: implicit declaration of function 'sendBytes' [-Wimplicit-function-declaration]
  235 |   sendBytes(0x4DB8, 0b00101000);
      |   ^~~~~~~~~
../Core/Src/main.c:321:7: warning: implicit declaration of function 'Set_VCO_Frequency' [-Wimplicit-function-declaration]
  321 |       Set_VCO_Frequency(set_freq);
      |       ^~~~~~~~~~~~~~~~~
../Core/Src/main.c:161:11: warning: unused variable 'addr' [-Wunused-variable]
  161 |  uint16_t addr;
      |           ^~~~
../Core/Src/main.c:159:11: warning: unused variable 'freq' [-Wunused-variable]
  159 |  uint16_t freq;
      |           ^~~~
../Core/Src/main.c:157:7: warning: unused variable 'spi_buf' [-Wunused-variable]
  157 |  char spi_buf[20];
      |       ^~~~~~~
../Core/Src/main.c: At top level:
../Core/Src/main.c:831:6: warning: conflicting types for 'Set_VCO_Frequency'
  831 | void Set_VCO_Frequency(int freq) {
      |      ^~~~~~~~~~~~~~~~~
../Core/Src/main.c:321:7: note: previous implicit declaration of 'Set_VCO_Frequency' was here
  321 |       Set_VCO_Frequency(set_freq);
      |       ^~~~~~~~~~~~~~~~~
../Core/Src/main.c: In function 'Set_VCO_Frequency':
../Core/Src/main.c:845:31: warning: implicit declaration of function 'pow' [-Wimplicit-function-declaration]
  845 |  int frac_data = frac_value * pow(2,24);
      |                               ^~~
../Core/Src/main.c:845:31: warning: incompatible implicit declaration of built-in function 'pow'
../Core/Src/main.c:50:1: note: include '<math.h>' or provide a declaration of 'pow'
   49 | #include <stdio.h>
  +++ |+#include <math.h>
   50 | 
../Core/Src/main.c:839:6: warning: unused variable 'frac_mod' [-Wunused-variable]
  839 |  int frac_mod = freq % xtal;
      |      ^~~~~~~~
../Core/Src/main.c: At top level:
../Core/Src/main.c:877:6: warning: conflicting types for 'sendBytes'
  877 | void sendBytes(int data, uint8_t addressByte) {
      |      ^~~~~~~~~
../Core/Src/main.c:235:3: note: previous implicit declaration of 'sendBytes' was here
  235 |   sendBytes(0x4DB8, 0b00101000);
      |   ^~~~~~~~~
../Core/Src/main.c:909:6: warning: conflicting types for 'Initialize_Microwave_Generator'
  909 | void Initialize_Microwave_Generator(void) {
      |      ^~~~~~~~~~~~~~~~~~~~~~~~~~~~~~
../Core/Src/main.c:231:3: note: previous implicit declaration of 'Initialize_Microwave_Generator' was here
  231 |   Initialize_Microwave_Generator();
      |   ^~~~~~~~~~~~~~~~~~~~~~~~~~~~~~
arm-none-eabi-gcc -o "qubesatV4.elf" @"objects.list"   -mcpu=cortex-m0plus -T"/Users/krishnabhattaram/STM32CubeIDE/workspace_1.9.0/qubesatV4/STM32L073RZTX_FLASH.ld" --specs=nosys.specs -Wl,-Map="qubesatV4.map" -Wl,--gc-sections -static --specs=nano.specs -mfloat-abi=soft -mthumb -Wl,--start-group -lc -lm -Wl,--end-group
Finished building target: qubesatV4.elf
 
arm-none-eabi-size   qubesatV4.elf 
arm-none-eabi-objdump -h -S  qubesatV4.elf  > "qubesatV4.list"
   text	   data	    bss	    dec	    hex	filename
  24628	    120	   1904	  26652	   681c	qubesatV4.elf
Finished building: default.size.stdout
 
Finished building: qubesatV4.list
 
15:38:19 **** Incremental Build of configuration Debug for project qubesatV4 ****
make -j7 all 
arm-none-eabi-gcc "../Core/Src/main.c" -mcpu=cortex-m0plus -std=gnu11 -g3 -DDEBUG -DUSE_HAL_DRIVER -DSTM32L073xx -c -I../Core/Inc -I../Drivers/STM32L0xx_HAL_Driver/Inc -I../Drivers/STM32L0xx_HAL_Driver/Inc/Legacy -I../Drivers/CMSIS/Device/ST/STM32L0xx/Include -I../Drivers/CMSIS/Include -O0 -ffunction-sections -fdata-sections -Wall -fstack-usage -MMD -MP -MF"Core/Src/main.d" -MT"Core/Src/main.o" --specs=nano.specs -mfloat-abi=soft -mthumb -o "Core/Src/main.o"
../Core/Src/main.c: In function 'main':
../Core/Src/main.c:231:3: warning: implicit declaration of function 'Initialize_Microwave_Generator' [-Wimplicit-function-declaration]
  231 |   Initialize_Microwave_Generator();
      |   ^~~~~~~~~~~~~~~~~~~~~~~~~~~~~~
../Core/Src/main.c:235:3: warning: implicit declaration of function 'sendBytes' [-Wimplicit-function-declaration]
  235 |   sendBytes(0x4DB8, 0b00101000);
      |   ^~~~~~~~~
../Core/Src/main.c:321:7: warning: implicit declaration of function 'Set_VCO_Frequency' [-Wimplicit-function-declaration]
  321 |       Set_VCO_Frequency(set_freq);
      |       ^~~~~~~~~~~~~~~~~
../Core/Src/main.c:161:11: warning: unused variable 'addr' [-Wunused-variable]
  161 |  uint16_t addr;
      |           ^~~~
../Core/Src/main.c:159:11: warning: unused variable 'freq' [-Wunused-variable]
  159 |  uint16_t freq;
      |           ^~~~
../Core/Src/main.c:157:7: warning: unused variable 'spi_buf' [-Wunused-variable]
  157 |  char spi_buf[20];
      |       ^~~~~~~
../Core/Src/main.c:147:11: warning: variable 'photodiode_in' set but not used [-Wunused-but-set-variable]
  147 |  uint16_t photodiode_in;
      |           ^~~~~~~~~~~~~
../Core/Src/main.c: At top level:
../Core/Src/main.c:831:6: warning: conflicting types for 'Set_VCO_Frequency'
  831 | void Set_VCO_Frequency(int freq) {
      |      ^~~~~~~~~~~~~~~~~
../Core/Src/main.c:321:7: note: previous implicit declaration of 'Set_VCO_Frequency' was here
  321 |       Set_VCO_Frequency(set_freq);
      |       ^~~~~~~~~~~~~~~~~
../Core/Src/main.c: In function 'Set_VCO_Frequency':
../Core/Src/main.c:845:31: warning: implicit declaration of function 'pow' [-Wimplicit-function-declaration]
  845 |  int frac_data = frac_value * pow(2,24);
      |                               ^~~
../Core/Src/main.c:845:31: warning: incompatible implicit declaration of built-in function 'pow'
../Core/Src/main.c:50:1: note: include '<math.h>' or provide a declaration of 'pow'
   49 | #include <stdio.h>
  +++ |+#include <math.h>
   50 | 
../Core/Src/main.c:839:6: warning: unused variable 'frac_mod' [-Wunused-variable]
  839 |  int frac_mod = freq % xtal;
      |      ^~~~~~~~
../Core/Src/main.c: At top level:
../Core/Src/main.c:877:6: warning: conflicting types for 'sendBytes'
  877 | void sendBytes(int data, uint8_t addressByte) {
      |      ^~~~~~~~~
../Core/Src/main.c:235:3: note: previous implicit declaration of 'sendBytes' was here
arm-none-eabi-gcc -o "qubesatV4.elf" @"objects.list"   -mcpu=cortex-m0plus -T"/Users/krishnabhattaram/STM32CubeIDE/workspace_1.9.0/qubesatV4/STM32L073RZTX_FLASH.ld" --specs=nosys.specs -Wl,-Map="qubesatV4.map" -Wl,--gc-sections -static --specs=nano.specs -mfloat-abi=soft -mthumb -Wl,--start-group -lc -lm -Wl,--end-group
  235 |   sendBytes(0x4DB8, 0b00101000);
      |   ^~~~~~~~~
../Core/Src/main.c:909:6: warning: conflicting types for 'Initialize_Microwave_Generator'
  909 | void Initialize_Microwave_Generator(void) {
      |      ^~~~~~~~~~~~~~~~~~~~~~~~~~~~~~
../Core/Src/main.c:231:3: note: previous implicit declaration of 'Initialize_Microwave_Generator' was here
  231 |   Initialize_Microwave_Generator();
      |   ^~~~~~~~~~~~~~~~~~~~~~~~~~~~~~
Finished building target: qubesatV4.elf
 
arm-none-eabi-size   qubesatV4.elf 
arm-none-eabi-objdump -h -S  qubesatV4.elf  > "qubesatV4.list"
   text	   data	    bss	    dec	    hex	filename
  24564	    120	   1904	  26588	   67dc	qubesatV4.elf
Finished building: default.size.stdout
 
Finished building: qubesatV4.list
 
15:44:54 **** Incremental Build of configuration Debug for project qubesatV4 ****
make -j7 all 
arm-none-eabi-gcc "../Core/Src/main.c" -mcpu=cortex-m0plus -std=gnu11 -g3 -DDEBUG -DUSE_HAL_DRIVER -DSTM32L073xx -c -I../Core/Inc -I../Drivers/STM32L0xx_HAL_Driver/Inc -I../Drivers/STM32L0xx_HAL_Driver/Inc/Legacy -I../Drivers/CMSIS/Device/ST/STM32L0xx/Include -I../Drivers/CMSIS/Include -O0 -ffunction-sections -fdata-sections -Wall -fstack-usage -MMD -MP -MF"Core/Src/main.d" -MT"Core/Src/main.o" --specs=nano.specs -mfloat-abi=soft -mthumb -o "Core/Src/main.o"
../Core/Src/main.c: In function 'main':
../Core/Src/main.c:231:3: warning: implicit declaration of function 'Initialize_Microwave_Generator' [-Wimplicit-function-declaration]
arm-none-eabi-gcc -o "qubesatV4.elf" @"objects.list"   -mcpu=cortex-m0plus -T"/Users/krishnabhattaram/STM32CubeIDE/workspace_1.9.0/qubesatV4/STM32L073RZTX_FLASH.ld" --specs=nosys.specs -Wl,-Map="qubesatV4.map" -Wl,--gc-sections -static --specs=nano.specs -mfloat-abi=soft -mthumb -Wl,--start-group -lc -lm -Wl,--end-group
  231 |   Initialize_Microwave_Generator();
      |   ^~~~~~~~~~~~~~~~~~~~~~~~~~~~~~
../Core/Src/main.c:235:3: warning: implicit declaration of function 'sendBytes' [-Wimplicit-function-declaration]
  235 |   sendBytes(0x4DB8, 0b00101000);
      |   ^~~~~~~~~
../Core/Src/main.c:321:7: warning: implicit declaration of function 'Set_VCO_Frequency' [-Wimplicit-function-declaration]
  321 |       Set_VCO_Frequency(set_freq);
      |       ^~~~~~~~~~~~~~~~~
../Core/Src/main.c:362:38: warning: implicit declaration of function 'malloc' [-Wimplicit-function-declaration]
  362 |   uint16_t *data_array = (uint16_t*) malloc(3000 * sizeof(uint16_t));
      |                                      ^~~~~~
../Core/Src/main.c:362:38: warning: incompatible implicit declaration of built-in function 'malloc'
../Core/Src/main.c:50:1: note: include '<stdlib.h>' or provide a declaration of 'malloc'
   49 | #include <stdio.h>
  +++ |+#include <stdlib.h>
   50 | 
../Core/Src/main.c:161:11: warning: unused variable 'addr' [-Wunused-variable]
  161 |  uint16_t addr;
      |           ^~~~
../Core/Src/main.c:159:11: warning: unused variable 'freq' [-Wunused-variable]
  159 |  uint16_t freq;
      |           ^~~~
../Core/Src/main.c:157:7: warning: unused variable 'spi_buf' [-Wunused-variable]
  157 |  char spi_buf[20];
      |       ^~~~~~~
../Core/Src/main.c:147:11: warning: variable 'photodiode_in' set but not used [-Wunused-but-set-variable]
  147 |  uint16_t photodiode_in;
      |           ^~~~~~~~~~~~~
../Core/Src/main.c: At top level:
../Core/Src/main.c:832:6: warning: conflicting types for 'Set_VCO_Frequency'
  832 | void Set_VCO_Frequency(int freq) {
      |      ^~~~~~~~~~~~~~~~~
../Core/Src/main.c:321:7: note: previous implicit declaration of 'Set_VCO_Frequency' was here
  321 |       Set_VCO_Frequency(set_freq);
      |       ^~~~~~~~~~~~~~~~~
../Core/Src/main.c: In function 'Set_VCO_Frequency':
../Core/Src/main.c:846:31: warning: implicit declaration of function 'pow' [-Wimplicit-function-declaration]
  846 |  int frac_data = frac_value * pow(2,24);
      |                               ^~~
../Core/Src/main.c:846:31: warning: incompatible implicit declaration of built-in function 'pow'
../Core/Src/main.c:50:1: note: include '<math.h>' or provide a declaration of 'pow'
   49 | #include <stdio.h>
  +++ |+#include <math.h>
   50 | 
../Core/Src/main.c:840:6: warning: unused variable 'frac_mod' [-Wunused-variable]
  840 |  int frac_mod = freq % xtal;
      |      ^~~~~~~~
../Core/Src/main.c: At top level:
../Core/Src/main.c:878:6: warning: conflicting types for 'sendBytes'
  878 | void sendBytes(int data, uint8_t addressByte) {
      |      ^~~~~~~~~
../Core/Src/main.c:235:3: note: previous implicit declaration of 'sendBytes' was here
  235 |   sendBytes(0x4DB8, 0b00101000);
      |   ^~~~~~~~~
../Core/Src/main.c:910:6: warning: conflicting types for 'Initialize_Microwave_Generator'
  910 | void Initialize_Microwave_Generator(void) {
      |      ^~~~~~~~~~~~~~~~~~~~~~~~~~~~~~
../Core/Src/main.c:231:3: note: previous implicit declaration of 'Initialize_Microwave_Generator' was here
  231 |   Initialize_Microwave_Generator();
      |   ^~~~~~~~~~~~~~~~~~~~~~~~~~~~~~
Finished building target: qubesatV4.elf
 
arm-none-eabi-size   qubesatV4.elf 
arm-none-eabi-objdump -h -S  qubesatV4.elf  > "qubesatV4.list"
   text	   data	    bss	    dec	    hex	filename
  24644	    120	   1904	  26668	   682c	qubesatV4.elf
Finished building: default.size.stdout
 
Finished building: qubesatV4.list
 
15:48:12 **** Incremental Build of configuration Debug for project qubesatV4 ****
make -j7 all 
arm-none-eabi-gcc "../Core/Src/main.c" -mcpu=cortex-m0plus -std=gnu11 -g3 -DDEBUG -DUSE_HAL_DRIVER -DSTM32L073xx -c -I../Core/Inc -I../Drivers/STM32L0xx_HAL_Driver/Inc -I../Drivers/STM32L0xx_HAL_Driver/Inc/Legacy -I../Drivers/CMSIS/Device/ST/STM32L0xx/Include -I../Drivers/CMSIS/Include -O0 -ffunction-sections -fdata-sections -Wall -fstack-usage -MMD -MP -MF"Core/Src/main.d" -MT"Core/Src/main.o" --specs=nano.specs -mfloat-abi=soft -mthumb -o "Core/Src/main.o"
../Core/Src/main.c: In function 'main':
../Core/Src/main.c:231:3: warning: implicit declaration of function 'Initialize_Microwave_Generator' [-Wimplicit-function-declaration]
  231 |   Initialize_Microwave_Generator();
      |   ^~~~~~~~~~~~~~~~~~~~~~~~~~~~~~
../Core/Src/main.c:235:3: warning: implicit declaration of function 'sendBytes' [-Wimplicit-function-declaration]
  235 |   sendBytes(0x4DB8, 0b00101000);
      |   ^~~~~~~~~
../Core/Src/main.c:321:7: warning: implicit declaration of function 'Set_VCO_Frequency' [-Wimplicit-function-declaration]
  321 |       Set_VCO_Frequency(set_freq);
      |       ^~~~~~~~~~~~~~~~~
../Core/Src/main.c:362:38: warning: implicit declaration of function 'malloc' [-Wimplicit-function-declaration]
  362 |   uint16_t *data_array = (uint16_t*) malloc(3000 * sizeof(uint16_t));
      |                                      ^~~~~~
../Core/Src/main.c:362:38: warning: incompatible implicit declaration of built-in function 'malloc'
../Core/Src/main.c:50:1: note: include '<stdlib.h>' or provide a declaration of 'malloc'
   49 | #include <stdio.h>
  +++ |+#include <stdlib.h>
   50 | 
../Core/Src/main.c:161:11: warning: unused variable 'addr' [-Wunused-variable]
  161 |  uint16_t addr;
      |           ^~~~
../Core/Src/main.c:159:11: warning: unused variable 'freq' [-Wunused-variable]
  159 |  uint16_t freq;
      |           ^~~~
../Core/Src/main.c:157:7: warning: unused variable 'spi_buf' [-Wunused-variable]
  157 |  char spi_buf[20];
      |       ^~~~~~~
../Core/Src/main.c:147:11: warning: variable 'photodiode_in' set but not used [-Wunused-but-set-variable]
  147 |  uint16_t photodiode_in;
      |           ^~~~~~~~~~~~~
../Core/Src/main.c: At top level:
../Core/Src/main.c:832:6: warning: conflicting types for 'Set_VCO_Frequency'
  832 | void Set_VCO_Frequency(int freq) {
      |      ^~~~~~~~~~~~~~~~~
../Core/Src/main.c:321:7: note: previous implicit declaration of 'Set_VCO_Frequency' was here
  321 |       Set_VCO_Frequency(set_freq);
      |       ^~~~~~~~~~~~~~~~~
../Core/Src/main.c: In function 'Set_VCO_Frequency':
../Core/Src/main.c:846:31: warning: implicit declaration of function 'pow' [-Wimplicit-function-declaration]
  846 |  int frac_data = frac_value * pow(2,24);
      |                               ^~~
../Core/Src/main.c:846:31: warning: incompatible implicit declaration of built-in function 'pow'
../Core/Src/main.c:50:1: note: include '<math.h>' or provide a declaration of 'pow'
   49 | #include <stdio.h>
  +++ |+#include <math.h>
   50 | 
../Core/Src/main.c:840:6: warning: unused variable 'frac_mod' [-Wunused-variable]
  840 |  int frac_mod = freq % xtal;
      |      ^~~~~~~~
../Core/Src/main.c: At top level:
../Core/Src/main.c:878:6: warning: conflicting types for 'sendBytes'
  878 | void sendBytes(int data, uint8_t addressByte) {
      |      ^~~~~~~~~
../Core/Src/main.c:235:3: note: previous implicit declaration of 'sendBytes' was here
  235 |   sendBytes(0x4DB8, 0b00101000);
      |   ^~~~~~~~~
../Core/Src/main.c:910:6: warning: conflicting types for 'Initialize_Microwave_Generator'
  910 | void Initialize_Microwave_Generator(void) {
      |      ^~~~~~~~~~~~~~~~~~~~~~~~~~~~~~
../Core/Src/main.c:231:3: note: previous implicit declaration of 'Initialize_Microwave_Generator' was here
  231 |   Initialize_Microwave_Generator();
      |   ^~~~~~~~~~~~~~~~~~~~~~~~~~~~~~
arm-none-eabi-gcc -o "qubesatV4.elf" @"objects.list"   -mcpu=cortex-m0plus -T"/Users/krishnabhattaram/STM32CubeIDE/workspace_1.9.0/qubesatV4/STM32L073RZTX_FLASH.ld" --specs=nosys.specs -Wl,-Map="qubesatV4.map" -Wl,--gc-sections -static --specs=nano.specs -mfloat-abi=soft -mthumb -Wl,--start-group -lc -lm -Wl,--end-group
Finished building target: qubesatV4.elf
 
arm-none-eabi-size   qubesatV4.elf 
arm-none-eabi-objdump -h -S  qubesatV4.elf  > "qubesatV4.list"
   text	   data	    bss	    dec	    hex	filename
  24648	    120	   1904	  26672	   6830	qubesatV4.elf
Finished building: default.size.stdout
 
Finished building: qubesatV4.list
 
15:50:30 **** Incremental Build of configuration Debug for project qubesatV4 ****
make -j7 all 
arm-none-eabi-gcc "../Core/Src/main.c" -mcpu=cortex-m0plus -std=gnu11 -g3 -DDEBUG -DUSE_HAL_DRIVER -DSTM32L073xx -c -I../Core/Inc -I../Drivers/STM32L0xx_HAL_Driver/Inc -I../Drivers/STM32L0xx_HAL_Driver/Inc/Legacy -I../Drivers/CMSIS/Device/ST/STM32L0xx/Include -I../Drivers/CMSIS/Include -O0 -ffunction-sections -fdata-sections -Wall -fstack-usage -MMD -MP -MF"Core/Src/main.d" -MT"Core/Src/main.o" --specs=nano.specs -mfloat-abi=soft -mthumb -o "Core/Src/main.o"
../Core/Src/main.c: In function 'main':
../Core/Src/main.c:231:3: warning: implicit declaration of function 'Initialize_Microwave_Generator' [-Wimplicit-function-declaration]
  231 |   Initialize_Microwave_Generator();
      |   ^~~~~~~~~~~~~~~~~~~~~~~~~~~~~~
../Core/Src/main.c:235:3: warning: implicit declaration of function 'sendBytes' [-Wimplicit-function-declaration]
  235 |   sendBytes(0x4DB8, 0b00101000);
      |   ^~~~~~~~~
../Core/Src/main.c:321:7: warning: implicit declaration of function 'Set_VCO_Frequency' [-Wimplicit-function-declaration]
  321 |       Set_VCO_Frequency(set_freq);
      |       ^~~~~~~~~~~~~~~~~
../Core/Src/main.c:362:38: warning: implicit declaration of function 'malloc' [-Wimplicit-function-declaration]
  362 |   uint16_t *data_array = (uint16_t*) malloc(3000 * sizeof(uint16_t));
      |                                      ^~~~~~
../Core/Src/main.c:362:38: warning: incompatible implicit declaration of built-in function 'malloc'
../Core/Src/main.c:50:1: note: include '<stdlib.h>' or provide a declaration of 'malloc'
   49 | #include <stdio.h>
  +++ |+#include <stdlib.h>
   50 | 
../Core/Src/main.c:161:11: warning: unused variable 'addr' [-Wunused-variable]
  161 |  uint16_t addr;
      |           ^~~~
../Core/Src/main.c:159:11: warning: unused variable 'freq' [-Wunused-variable]
  159 |  uint16_t freq;
      |           ^~~~
../Core/Src/main.c:157:7: warning: unused variable 'spi_buf' [-Wunused-variable]
  157 |  char spi_buf[20];
      |       ^~~~~~~
../Core/Src/main.c:147:11: warning: variable 'photodiode_in' set but not used [-Wunused-but-set-variable]
  147 |  uint16_t photodiode_in;
      |           ^~~~~~~~~~~~~
../Core/Src/main.c: At top level:
../Core/Src/main.c:832:6: warning: conflicting types for 'Set_VCO_Frequency'
  832 | void Set_VCO_Frequency(int freq) {
      |      ^~~~~~~~~~~~~~~~~
../Core/Src/main.c:321:7: note: previous implicit declaration of 'Set_VCO_Frequency' was here
  321 |       Set_VCO_Frequency(set_freq);
      |       ^~~~~~~~~~~~~~~~~
../Core/Src/main.c: In function 'Set_VCO_Frequency':
../Core/Src/main.c:846:31: warning: implicit declaration of function 'pow' [-Wimplicit-function-declaration]
  846 |  int frac_data = frac_value * pow(2,24);
      |                               ^~~
../Core/Src/main.c:846:31: warning: incompatible implicit declaration of built-in function 'pow'
../Core/Src/main.c:50:1: note: include '<math.h>' or provide a declaration of 'pow'
   49 | #include <stdio.h>
  +++ |+#include <math.h>
   50 | 
../Core/Src/main.c:840:6: warning: unused variable 'frac_mod' [-Wunused-variable]
  840 |  int frac_mod = freq % xtal;
      |      ^~~~~~~~
../Core/Src/main.c: At top level:
../Core/Src/main.c:878:6: warning: conflicting types for 'sendBytes'
  878 | void sendBytes(int data, uint8_t addressByte) {
      |      ^~~~~~~~~
../Core/Src/main.c:235:3: note: previous implicit declaration of 'sendBytes' was here
  235 |   sendBytes(0x4DB8, 0b00101000);
      |   ^~~~~~~~~
../Core/Src/main.c:910:6: warning: conflicting types for 'Initialize_Microwave_Generator'
  910 | void Initialize_Microwave_Generator(void) {
      |      ^~~~~~~~~~~~~~~~~~~~~~~~~~~~~~
../Core/Src/main.c:231:3: note: previous implicit declaration of 'Initialize_Microwave_Generator' was here
  231 |   Initialize_Microwave_Generator();
      |   ^~~~~~~~~~~~~~~~~~~~~~~~~~~~~~
arm-none-eabi-gcc -o "qubesatV4.elf" @"objects.list"   -mcpu=cortex-m0plus -T"/Users/krishnabhattaram/STM32CubeIDE/workspace_1.9.0/qubesatV4/STM32L073RZTX_FLASH.ld" --specs=nosys.specs -Wl,-Map="qubesatV4.map" -Wl,--gc-sections -static --specs=nano.specs -mfloat-abi=soft -mthumb -Wl,--start-group -lc -lm -Wl,--end-group
Finished building target: qubesatV4.elf
 
arm-none-eabi-size   qubesatV4.elf 
arm-none-eabi-objdump -h -S  qubesatV4.elf  > "qubesatV4.list"
   text	   data	    bss	    dec	    hex	filename
  24648	    120	   1904	  26672	   6830	qubesatV4.elf
Finished building: default.size.stdout
 
Finished building: qubesatV4.list
 
15:51:06 **** Incremental Build of configuration Debug for project qubesatV4 ****
make -j7 all 
arm-none-eabi-gcc "../Core/Src/main.c" -mcpu=cortex-m0plus -std=gnu11 -g3 -DDEBUG -DUSE_HAL_DRIVER -DSTM32L073xx -c -I../Core/Inc -I../Drivers/STM32L0xx_HAL_Driver/Inc -I../Drivers/STM32L0xx_HAL_Driver/Inc/Legacy -I../Drivers/CMSIS/Device/ST/STM32L0xx/Include -I../Drivers/CMSIS/Include -O0 -ffunction-sections -fdata-sections -Wall -fstack-usage -MMD -MP -MF"Core/Src/main.d" -MT"Core/Src/main.o" --specs=nano.specs -mfloat-abi=soft -mthumb -o "Core/Src/main.o"
../Core/Src/main.c: In function 'main':
../Core/Src/main.c:231:3: warning: implicit declaration of function 'Initialize_Microwave_Generator' [-Wimplicit-function-declaration]
  231 |   Initialize_Microwave_Generator();
      |   ^~~~~~~~~~~~~~~~~~~~~~~~~~~~~~
../Core/Src/main.c:235:3: warning: implicit declaration of function 'sendBytes' [-Wimplicit-function-declaration]
  235 |   sendBytes(0x4DB8, 0b00101000);
      |   ^~~~~~~~~
../Core/Src/main.c:321:7: warning: implicit declaration of function 'Set_VCO_Frequency' [-Wimplicit-function-declaration]
  321 |       Set_VCO_Frequency(set_freq);
      |       ^~~~~~~~~~~~~~~~~
../Core/Src/main.c:362:38: warning: implicit declaration of function 'malloc' [-Wimplicit-function-declaration]
  362 |   uint16_t *data_array = (uint16_t*) malloc(3000 * sizeof(uint16_t));
      |                                      ^~~~~~
../Core/Src/main.c:362:38: warning: incompatible implicit declaration of built-in function 'malloc'
../Core/Src/main.c:50:1: note: include '<stdlib.h>' or provide a declaration of 'malloc'
   49 | #include <stdio.h>
  +++ |+#include <stdlib.h>
   50 | 
../Core/Src/main.c:161:11: warning: unused variable 'addr' [-Wunused-variable]
  161 |  uint16_t addr;
      |           ^~~~
../Core/Src/main.c:159:11: warning: unused variable 'freq' [-Wunused-variable]
  159 |  uint16_t freq;
      |           ^~~~
../Core/Src/main.c:157:7: warning: unused variable 'spi_buf' [-Wunused-variable]
  157 |  char spi_buf[20];
      |       ^~~~~~~
../Core/Src/main.c:147:11: warning: variable 'photodiode_in' set but not used [-Wunused-but-set-variable]
  147 |  uint16_t photodiode_in;
      |           ^~~~~~~~~~~~~
../Core/Src/main.c: At top level:
../Core/Src/main.c:832:6: warning: conflicting types for 'Set_VCO_Frequency'
  832 | void Set_VCO_Frequency(int freq) {
      |      ^~~~~~~~~~~~~~~~~
../Core/Src/main.c:321:7: note: previous implicit declaration of 'Set_VCO_Frequency' was here
  321 |       Set_VCO_Frequency(set_freq);
      |       ^~~~~~~~~~~~~~~~~
../Core/Src/main.c: In function 'Set_VCO_Frequency':
../Core/Src/main.c:846:31: warning: implicit declaration of function 'pow' [-Wimplicit-function-declaration]
  846 |  int frac_data = frac_value * pow(2,24);
      |                               ^~~
../Core/Src/main.c:846:31: warning: incompatible implicit declaration of built-in function 'pow'
../Core/Src/main.c:50:1: note: include '<math.h>' or provide a declaration of 'pow'
   49 | #include <stdio.h>
  +++ |+#include <math.h>
   50 | 
../Core/Src/main.c:840:6: warning: unused variable 'frac_mod' [-Wunused-variable]
  840 |  int frac_mod = freq % xtal;
      |      ^~~~~~~~
../Core/Src/main.c: At top level:
../Core/Src/main.c:878:6: warning: conflicting types for 'sendBytes'
  878 | void sendBytes(int data, uint8_t addressByte) {
      |      ^~~~~~~~~
../Core/Src/main.c:235:3: note: previous implicit declaration of 'sendBytes' was here
  235 |   sendBytes(0x4DB8, 0b00101000);
      |   ^~~~~~~~~
../Core/Src/main.c:910:6: warning: conflicting types for 'Initialize_Microwave_Generator'
  910 | void Initialize_Microwave_Generator(void) {
      |      ^~~~~~~~~~~~~~~~~~~~~~~~~~~~~~
../Core/Src/main.c:231:3: note: previous implicit declaration of 'Initialize_Microwave_Generator' was here
  231 |   Initialize_Microwave_Generator();
      |   ^~~~~~~~~~~~~~~~~~~~~~~~~~~~~~
arm-none-eabi-gcc -o "qubesatV4.elf" @"objects.list"   -mcpu=cortex-m0plus -T"/Users/krishnabhattaram/STM32CubeIDE/workspace_1.9.0/qubesatV4/STM32L073RZTX_FLASH.ld" --specs=nosys.specs -Wl,-Map="qubesatV4.map" -Wl,--gc-sections -static --specs=nano.specs -mfloat-abi=soft -mthumb -Wl,--start-group -lc -lm -Wl,--end-group
Finished building target: qubesatV4.elf
 
arm-none-eabi-size   qubesatV4.elf 
arm-none-eabi-objdump -h -S  qubesatV4.elf  > "qubesatV4.list"
   text	   data	    bss	    dec	    hex	filename
  24648	    120	   1904	  26672	   6830	qubesatV4.elf
Finished building: default.size.stdout
 
Finished building: qubesatV4.list
 
15:51:42 **** Incremental Build of configuration Debug for project qubesatV4 ****
make -j7 all 
arm-none-eabi-gcc "../Core/Src/main.c" -mcpu=cortex-m0plus -std=gnu11 -g3 -DDEBUG -DUSE_HAL_DRIVER -DSTM32L073xx -c -I../Core/Inc -I../Drivers/STM32L0xx_HAL_Driver/Inc -I../Drivers/STM32L0xx_HAL_Driver/Inc/Legacy -I../Drivers/CMSIS/Device/ST/STM32L0xx/Include -I../Drivers/CMSIS/Include -O0 -ffunction-sections -fdata-sections -Wall -fstack-usage -MMD -MP -MF"Core/Src/main.d" -MT"Core/Src/main.o" --specs=nano.specs -mfloat-abi=soft -mthumb -o "Core/Src/main.o"
../Core/Src/main.c: In function 'main':
../Core/Src/main.c:231:3: warning: implicit declaration of function 'Initialize_Microwave_Generator' [-Wimplicit-function-declaration]
  231 |   Initialize_Microwave_Generator();
      |   ^~~~~~~~~~~~~~~~~~~~~~~~~~~~~~
../Core/Src/main.c:235:3: warning: implicit declaration of function 'sendBytes' [-Wimplicit-function-declaration]
  235 |   sendBytes(0x4DB8, 0b00101000);
      |   ^~~~~~~~~
../Core/Src/main.c:321:7: warning: implicit declaration of function 'Set_VCO_Frequency' [-Wimplicit-function-declaration]
  321 |       Set_VCO_Frequency(set_freq);
      |       ^~~~~~~~~~~~~~~~~
../Core/Src/main.c:362:38: warning: implicit declaration of function 'malloc' [-Wimplicit-function-declaration]
  362 |   uint16_t *data_array = (uint16_t*) malloc(3000 * sizeof(uint16_t));
      |                                      ^~~~~~
../Core/Src/main.c:362:38: warning: incompatible implicit declaration of built-in function 'malloc'
../Core/Src/main.c:50:1: note: include '<stdlib.h>' or provide a declaration of 'malloc'
   49 | #include <stdio.h>
  +++ |+#include <stdlib.h>
   50 | 
../Core/Src/main.c:161:11: warning: unused variable 'addr' [-Wunused-variable]
  161 |  uint16_t addr;
      |           ^~~~
../Core/Src/main.c:159:11: warning: unused variable 'freq' [-Wunused-variable]
  159 |  uint16_t freq;
      |           ^~~~
../Core/Src/main.c:157:7: warning: unused variable 'spi_buf' [-Wunused-variable]
  157 |  char spi_buf[20];
      |       ^~~~~~~
../Core/Src/main.c:147:11: warning: variable 'photodiode_in' set but not used [-Wunused-but-set-variable]
  147 |  uint16_t photodiode_in;
      |           ^~~~~~~~~~~~~
../Core/Src/main.c: At top level:
../Core/Src/main.c:832:6: warning: conflicting types for 'Set_VCO_Frequency'
  832 | void Set_VCO_Frequency(int freq) {
[...]
../Core/Src/main.c:50:1: note: include '<math.h>' or provide a declaration of 'pow'
   49 | #include <stdio.h>
  +++ |+#include <math.h>
   50 | 
../Core/Src/main.c:840:6: warning: unused variable 'frac_mod' [-Wunused-variable]
  840 |  int frac_mod = freq % xtal;
      |      ^~~~~~~~
../Core/Src/main.c: At top level:
../Core/Src/main.c:878:6: warning: conflicting types for 'sendBytes'
  878 | void sendBytes(int data, uint8_t addressByte) {
      |      ^~~~~~~~~
../Core/Src/main.c:235:3: note: previous implicit declaration of 'sendBytes' was here
  235 |   sendBytes(0x4DB8, 0b00101000);
      |   ^~~~~~~~~
../Core/Src/main.c:910:6: warning: conflicting types for 'Initialize_Microwave_Generator'
  910 | void Initialize_Microwave_Generator(void) {
      |      ^~~~~~~~~~~~~~~~~~~~~~~~~~~~~~
../Core/Src/main.c:231:3: note: previous implicit declaration of 'Initialize_Microwave_Generator' was here
  231 |   Initialize_Microwave_Generator();
      |   ^~~~~~~~~~~~~~~~~~~~~~~~~~~~~~
arm-none-eabi-gcc -o "qubesatV4.elf" @"objects.list"   -mcpu=cortex-m0plus -T"/Users/krishnabhattaram/STM32CubeIDE/workspace_1.9.0/qubesatV4/STM32L073RZTX_FLASH.ld" --specs=nosys.specs -Wl,-Map="qubesatV4.map" -Wl,--gc-sections -static --specs=nano.specs -mfloat-abi=soft -mthumb -Wl,--start-group -lc -lm -Wl,--end-group
Finished building target: qubesatV4.elf
 
arm-none-eabi-size   qubesatV4.elf 
arm-none-eabi-objdump -h -S  qubesatV4.elf  > "qubesatV4.list"
   text	   data	    bss	    dec	    hex	filename
  24644	    120	   1904	  26668	   682c	qubesatV4.elf
Finished building: default.size.stdout
 
Finished building: qubesatV4.list
 
15:59:25 **** Incremental Build of configuration Debug for project qubesatV4 ****
make -j7 all 
arm-none-eabi-gcc "../Core/Src/main.c" -mcpu=cortex-m0plus -std=gnu11 -g3 -DDEBUG -DUSE_HAL_DRIVER -DSTM32L073xx -c -I../Core/Inc -I../Drivers/STM32L0xx_HAL_Driver/Inc -I../Drivers/STM32L0xx_HAL_Driver/Inc/Legacy -I../Drivers/CMSIS/Device/ST/STM32L0xx/Include -I../Drivers/CMSIS/Include -O0 -ffunction-sections -fdata-sections -Wall -fstack-usage -MMD -MP -MF"Core/Src/main.d" -MT"Core/Src/main.o" --specs=nano.specs -mfloat-abi=soft -mthumb -o "Core/Src/main.o"
../Core/Src/main.c: In function 'main':
../Core/Src/main.c:231:3: warning: implicit declaration of function 'Initialize_Microwave_Generator' [-Wimplicit-function-declaration]
  231 |   Initialize_Microwave_Generator();
      |   ^~~~~~~~~~~~~~~~~~~~~~~~~~~~~~
../Core/Src/main.c:235:3: warning: implicit declaration of function 'sendBytes' [-Wimplicit-function-declaration]
  235 |   sendBytes(0x4DB8, 0b00101000);
      |   ^~~~~~~~~
../Core/Src/main.c:323:7: warning: implicit declaration of function 'Set_VCO_Frequency' [-Wimplicit-function-declaration]
  323 |       Set_VCO_Frequency(set_freq);
      |       ^~~~~~~~~~~~~~~~~
../Core/Src/main.c:363:38: warning: implicit declaration of function 'malloc' [-Wimplicit-function-declaration]
  363 |   uint16_t *data_array = (uint16_t*) malloc(3000 * sizeof(uint16_t));
      |                                      ^~~~~~
../Core/Src/main.c:363:38: warning: incompatible implicit declaration of built-in function 'malloc'
../Core/Src/main.c:50:1: note: include '<stdlib.h>' or provide a declaration of 'malloc'
   49 | #include <stdio.h>
  +++ |+#include <stdlib.h>
   50 | 
../Core/Src/main.c:161:11: warning: unused variable 'addr' [-Wunused-variable]
  161 |  uint16_t addr;
      |           ^~~~
../Core/Src/main.c:159:11: warning: unused variable 'freq' [-Wunused-variable]
  159 |  uint16_t freq;
      |           ^~~~
../Core/Src/main.c:157:7: warning: unused variable 'spi_buf' [-Wunused-variable]
  157 |  char spi_buf[20];
      |       ^~~~~~~
../Core/Src/main.c:147:11: warning: variable 'photodiode_in' set but not used [-Wunused-but-set-variable]
  147 |  uint16_t photodiode_in;
      |           ^~~~~~~~~~~~~
../Core/Src/main.c: At top level:
../Core/Src/main.c:833:6: warning: conflicting types for 'Set_VCO_Frequency'
  833 | void Set_VCO_Frequency(int freq) {
      |      ^~~~~~~~~~~~~~~~~
../Core/Src/main.c:323:7: note: previous implicit declaration of 'Set_VCO_Frequency' was here
  323 |       Set_VCO_Frequency(set_freq);
      |       ^~~~~~~~~~~~~~~~~
../Core/Src/main.c: In function 'Set_VCO_Frequency':
../Core/Src/main.c:847:31: warning: implicit declaration of function 'pow' [-Wimplicit-function-declaration]
  847 |  int frac_data = frac_value * pow(2,24);
      |                               ^~~
../Core/Src/main.c:847:31: warning: incompatible implicit declaration of built-in function 'pow'
../Core/Src/main.c:50:1: note: include '<math.h>' or provide a declaration of 'pow'
   49 | #include <stdio.h>
  +++ |+#include <math.h>
   50 | 
../Core/Src/main.c:841:6: warning: unused variable 'frac_mod' [-Wunused-variable]
  841 |  int frac_mod = freq % xtal;
      |      ^~~~~~~~
../Core/Src/main.c: At top level:
../Core/Src/main.c:879:6: warning: conflicting types for 'sendBytes'
  879 | void sendBytes(int data, uint8_t addressByte) {
      |      ^~~~~~~~~
../Core/Src/main.c:235:3: note: previous implicit declaration of 'sendBytes' was here
  235 |   sendBytes(0x4DB8, 0b00101000);
      |   ^~~~~~~~~
../Core/Src/main.c:911:6: warning: conflicting types for 'Initialize_Microwave_Generator'
  911 | void Initialize_Microwave_Generator(void) {
      |      ^~~~~~~~~~~~~~~~~~~~~~~~~~~~~~
../Core/Src/main.c:231:3: note: previous implicit declaration of 'Initialize_Microwave_Generator' was here
  231 |   Initialize_Microwave_Generator();
      |   ^~~~~~~~~~~~~~~~~~~~~~~~~~~~~~
arm-none-eabi-gcc -o "qubesatV4.elf" @"objects.list"   -mcpu=cortex-m0plus -T"/Users/krishnabhattaram/STM32CubeIDE/workspace_1.9.0/qubesatV4/STM32L073RZTX_FLASH.ld" --specs=nosys.specs -Wl,-Map="qubesatV4.map" -Wl,--gc-sections -static --specs=nano.specs -mfloat-abi=soft -mthumb -Wl,--start-group -lc -lm -Wl,--end-group
Finished building target: qubesatV4.elf
 
arm-none-eabi-size   qubesatV4.elf 
arm-none-eabi-objdump -h -S  qubesatV4.elf  > "qubesatV4.list"
   text	   data	    bss	    dec	    hex	filename
  24644	    120	   1904	  26668	   682c	qubesatV4.elf
Finished building: default.size.stdout
 
Finished building: qubesatV4.list
 
16:00:03 **** Incremental Build of configuration Debug for project qubesatV4 ****
make -j7 all 
arm-none-eabi-gcc "../Core/Src/main.c" -mcpu=cortex-m0plus -std=gnu11 -g3 -DDEBUG -DUSE_HAL_DRIVER -DSTM32L073xx -c -I../Core/Inc -I../Drivers/STM32L0xx_HAL_Driver/Inc -I../Drivers/STM32L0xx_HAL_Driver/Inc/Legacy -I../Drivers/CMSIS/Device/ST/STM32L0xx/Include -I../Drivers/CMSIS/Include -O0 -ffunction-sections -fdata-sections -Wall -fstack-usage -MMD -MP -MF"Core/Src/main.d" -MT"Core/Src/main.o" --specs=nano.specs -mfloat-abi=soft -mthumb -o "Core/Src/main.o"
../Core/Src/main.c: In function 'main':
../Core/Src/main.c:231:3: warning: implicit declaration of function 'Initialize_Microwave_Generator' [-Wimplicit-function-declaration]
  231 |   Initialize_Microwave_Generator();
      |   ^~~~~~~~~~~~~~~~~~~~~~~~~~~~~~
../Core/Src/main.c:235:3: warning: implicit declaration of function 'sendBytes' [-Wimplicit-function-declaration]
  235 |   sendBytes(0x4DB8, 0b00101000);
      |   ^~~~~~~~~
../Core/Src/main.c:321:7: warning: implicit declaration of function 'Set_VCO_Frequency' [-Wimplicit-function-declaration]
  321 |       Set_VCO_Frequency(set_freq);
      |       ^~~~~~~~~~~~~~~~~
../Core/Src/main.c:362:38: warning: implicit declaration of function 'malloc' [-Wimplicit-function-declaration]
  362 |   uint16_t *data_array = (uint16_t*) malloc(3000 * sizeof(uint16_t));
      |                                      ^~~~~~
../Core/Src/main.c:362:38: warning: incompatible implicit declaration of built-in function 'malloc'
../Core/Src/main.c:50:1: note: include '<stdlib.h>' or provide a declaration of 'malloc'
   49 | #include <stdio.h>
  +++ |+#include <stdlib.h>
   50 | 
../Core/Src/main.c:161:11: warning: unused variable 'addr' [-Wunused-variable]
  161 |  uint16_t addr;
      |           ^~~~
../Core/Src/main.c:159:11: warning: unused variable 'freq' [-Wunused-variable]
  159 |  uint16_t freq;
      |           ^~~~
../Core/Src/main.c:157:7: warning: unused variable 'spi_buf' [-Wunused-variable]
  157 |  char spi_buf[20];
      |       ^~~~~~~
../Core/Src/main.c:147:11: warning: variable 'photodiode_in' set but not used [-Wunused-but-set-variable]
  147 |  uint16_t photodiode_in;
      |           ^~~~~~~~~~~~~
../Core/Src/main.c: At top level:
../Core/Src/main.c:832:6: warning: conflicting types for 'Set_VCO_Frequency'
  832 | void Set_VCO_Frequency(int freq) {
      |      ^~~~~~~~~~~~~~~~~
../Core/Src/main.c:321:7: note: previous implicit declaration of 'Set_VCO_Frequency' was here
  321 |       Set_VCO_Frequency(set_freq);
      |       ^~~~~~~~~~~~~~~~~
../Core/Src/main.c: In function 'Set_VCO_Frequency':
../Core/Src/main.c:846:31: warning: implicit declaration of function 'pow' [-Wimplicit-function-declaration]
  846 |  int frac_data = frac_value * pow(2,24);
      |                               ^~~
../Core/Src/main.c:846:31: warning: incompatible implicit declaration of built-in function 'pow'
../Core/Src/main.c:50:1: note: include '<math.h>' or provide a declaration of 'pow'
   49 | #include <stdio.h>
  +++ |+#include <math.h>
   50 | 
../Core/Src/main.c:840:6: warning: unused variable 'frac_mod' [-Wunused-variable]
  840 |  int frac_mod = freq % xtal;
      |      ^~~~~~~~
../Core/Src/main.c: At top level:
../Core/Src/main.c:878:6: warning: conflicting types for 'sendBytes'
  878 | void sendBytes(int data, uint8_t addressByte) {
      |      ^~~~~~~~~
../Core/Src/main.c:235:3: note: previous implicit declaration of 'sendBytes' was here
  235 |   sendBytes(0x4DB8, 0b00101000);
      |   ^~~~~~~~~
../Core/Src/main.c:910:6: warning: conflicting types for 'Initialize_Microwave_Generator'
  910 | void Initialize_Microwave_Generator(void) {
      |      ^~~~~~~~~~~~~~~~~~~~~~~~~~~~~~
../Core/Src/main.c:231:3: note: previous implicit declaration of 'Initialize_Microwave_Generator' was here
  231 |   Initialize_Microwave_Generator();
      |   ^~~~~~~~~~~~~~~~~~~~~~~~~~~~~~
arm-none-eabi-gcc -o "qubesatV4.elf" @"objects.list"   -mcpu=cortex-m0plus -T"/Users/krishnabhattaram/STM32CubeIDE/workspace_1.9.0/qubesatV4/STM32L073RZTX_FLASH.ld" --specs=nosys.specs -Wl,-Map="qubesatV4.map" -Wl,--gc-sections -static --specs=nano.specs -mfloat-abi=soft -mthumb -Wl,--start-group -lc -lm -Wl,--end-group
Finished building target: qubesatV4.elf
 
arm-none-eabi-size   qubesatV4.elf 
arm-none-eabi-objdump -h -S  qubesatV4.elf  > "qubesatV4.list"
   text	   data	    bss	    dec	    hex	filename
  24644	    120	   1904	  26668	   682c	qubesatV4.elf
Finished building: default.size.stdout
 
Finished building: qubesatV4.list
 
16:02:29 **** Incremental Build of configuration Debug for project qubesatV4 ****
make -j7 all 
arm-none-eabi-gcc "../Core/Src/main.c" -mcpu=cortex-m0plus -std=gnu11 -g3 -DDEBUG -DUSE_HAL_DRIVER -DSTM32L073xx -c -I../Core/Inc -I../Drivers/STM32L0xx_HAL_Driver/Inc -I../Drivers/STM32L0xx_HAL_Driver/Inc/Legacy -I../Drivers/CMSIS/Device/ST/STM32L0xx/Include -I../Drivers/CMSIS/Include -O0 -ffunction-sections -fdata-sections -Wall -fstack-usage -MMD -MP -MF"Core/Src/main.d" -MT"Core/Src/main.o" --specs=nano.specs -mfloat-abi=soft -mthumb -o "Core/Src/main.o"
../Core/Src/main.c: In function 'main':
../Core/Src/main.c:231:3: warning: implicit declaration of function 'Initialize_Microwave_Generator' [-Wimplicit-function-declaration]
  231 |   Initialize_Microwave_Generator();
      |   ^~~~~~~~~~~~~~~~~~~~~~~~~~~~~~
../Core/Src/main.c:235:3: warning: implicit declaration of function 'sendBytes' [-Wimplicit-function-declaration]
  235 |   sendBytes(0x4DB8, 0b00101000);
      |   ^~~~~~~~~
../Core/Src/main.c:321:7: warning: implicit declaration of function 'Set_VCO_Frequency' [-Wimplicit-function-declaration]
  321 |       Set_VCO_Frequency(set_freq);
      |       ^~~~~~~~~~~~~~~~~
../Core/Src/main.c:362:38: warning: implicit declaration of function 'malloc' [-Wimplicit-function-declaration]
  362 |   uint16_t *data_array = (uint16_t*) malloc(3000 * sizeof(uint16_t));
      |                                      ^~~~~~
../Core/Src/main.c:362:38: warning: incompatible implicit declaration of built-in function 'malloc'
../Core/Src/main.c:50:1: note: include '<stdlib.h>' or provide a declaration of 'malloc'
   49 | #include <stdio.h>
  +++ |+#include <stdlib.h>
   50 | 
../Core/Src/main.c:161:11: warning: unused variable 'addr' [-Wunused-variable]
  161 |  uint16_t addr;
      |           ^~~~
../Core/Src/main.c:159:11: warning: unused variable 'freq' [-Wunused-variable]
  159 |  uint16_t freq;
      |           ^~~~
../Core/Src/main.c:157:7: warning: unused variable 'spi_buf' [-Wunused-variable]
  157 |  char spi_buf[20];
      |       ^~~~~~~
../Core/Src/main.c:147:11: warning: variable 'photodiode_in' set but not used [-Wunused-but-set-variable]
  147 |  uint16_t photodiode_in;
      |           ^~~~~~~~~~~~~
../Core/Src/main.c: At top level:
../Core/Src/main.c:832:6: warning: conflicting types for 'Set_VCO_Frequency'
  832 | void Set_VCO_Frequency(int freq) {
      |      ^~~~~~~~~~~~~~~~~
../Core/Src/main.c:321:7: note: previous implicit declaration of 'Set_VCO_Frequency' was here
  321 |       Set_VCO_Frequency(set_freq);
      |       ^~~~~~~~~~~~~~~~~
../Core/Src/main.c: In function 'Set_VCO_Frequency':
../Core/Src/main.c:846:31: warning: implicit declaration of function 'pow' [-Wimplicit-function-declaration]
  846 |  int frac_data = frac_value * pow(2,24);
      |                               ^~~
../Core/Src/main.c:846:31: warning: incompatible implicit declaration of built-in function 'pow'
../Core/Src/main.c:50:1: note: include '<math.h>' or provide a declaration of 'pow'
   49 | #include <stdio.h>
  +++ |+#include <math.h>
   50 | 
../Core/Src/main.c:840:6: warning: unused variable 'frac_mod' [-Wunused-variable]
  840 |  int frac_mod = freq % xtal;
      |      ^~~~~~~~
../Core/Src/main.c: At top level:
../Core/Src/main.c:878:6: warning: conflicting types for 'sendBytes'
  878 | void sendBytes(int data, uint8_t addressByte) {
      |      ^~~~~~~~~
../Core/Src/main.c:235:3: note: previous implicit declaration of 'sendBytes' was here
  235 |   sendBytes(0x4DB8, 0b00101000);
      |   ^~~~~~~~~
../Core/Src/main.c:910:6: warning: conflicting types for 'Initialize_Microwave_Generator'
  910 | void Initialize_Microwave_Generator(void) {
      |      ^~~~~~~~~~~~~~~~~~~~~~~~~~~~~~
../Core/Src/main.c:231:3: note: previous implicit declaration of 'Initialize_Microwave_Generator' was here
  231 |   Initialize_Microwave_Generator();
      |   ^~~~~~~~~~~~~~~~~~~~~~~~~~~~~~
arm-none-eabi-gcc -o "qubesatV4.elf" @"objects.list"   -mcpu=cortex-m0plus -T"/Users/krishnabhattaram/STM32CubeIDE/workspace_1.9.0/qubesatV4/STM32L073RZTX_FLASH.ld" --specs=nosys.specs -Wl,-Map="qubesatV4.map" -Wl,--gc-sections -static --specs=nano.specs -mfloat-abi=soft -mthumb -Wl,--start-group -lc -lm -Wl,--end-group
Finished building target: qubesatV4.elf
 
arm-none-eabi-size   qubesatV4.elf 
arm-none-eabi-objdump -h -S  qubesatV4.elf  > "qubesatV4.list"
   text	   data	    bss	    dec	    hex	filename
  24644	    120	   1904	  26668	   682c	qubesatV4.elf
Finished building: default.size.stdout
 
Finished building: qubesatV4.list
 
16:06:41 **** Incremental Build of configuration Debug for project qubesatV4 ****
make -j7 all 
arm-none-eabi-gcc "../Core/Src/main.c" -mcpu=cortex-m0plus -std=gnu11 -g3 -DDEBUG -DUSE_HAL_DRIVER -DSTM32L073xx -c -I../Core/Inc -I../Drivers/STM32L0xx_HAL_Driver/Inc -I../Drivers/STM32L0xx_HAL_Driver/Inc/Legacy -I../Drivers/CMSIS/Device/ST/STM32L0xx/Include -I../Drivers/CMSIS/Include -O0 -ffunction-sections -fdata-sections -Wall -fstack-usage -MMD -MP -MF"Core/Src/main.d" -MT"Core/Src/main.o" --specs=nano.specs -mfloat-abi=soft -mthumb -o "Core/Src/main.o"
../Core/Src/main.c: In function 'main':
../Core/Src/main.c:231:3: warning: implicit declaration of function 'Initialize_Microwave_Generator' [-Wimplicit-function-declaration]
  231 |   Initialize_Microwave_Generator();
      |   ^~~~~~~~~~~~~~~~~~~~~~~~~~~~~~
../Core/Src/main.c:235:3: warning: implicit declaration of function 'sendBytes' [-Wimplicit-function-declaration]
  235 |   sendBytes(0x4DB8, 0b00101000);
      |   ^~~~~~~~~
../Core/Src/main.c:321:7: warning: implicit declaration of function 'Set_VCO_Frequency' [-Wimplicit-function-declaration]
  321 |       Set_VCO_Frequency(set_freq);
      |       ^~~~~~~~~~~~~~~~~
../Core/Src/main.c:362:38: warning: implicit declaration of function 'malloc' [-Wimplicit-function-declaration]
  362 |   uint16_t *data_array = (uint16_t*) malloc(3000 * sizeof(uint16_t));
      |                                      ^~~~~~
../Core/Src/main.c:362:38: warning: incompatible implicit declaration of built-in function 'malloc'
../Core/Src/main.c:50:1: note: include '<stdlib.h>' or provide a declaration of 'malloc'
   49 | #include <stdio.h>
  +++ |+#include <stdlib.h>
   50 | 
../Core/Src/main.c:161:11: warning: unused variable 'addr' [-Wunused-variable]
  161 |  uint16_t addr;
      |           ^~~~
../Core/Src/main.c:159:11: warning: unused variable 'freq' [-Wunused-variable]
  159 |  uint16_t freq;
      |           ^~~~
../Core/Src/main.c:157:7: warning: unused variable 'spi_buf' [-Wunused-variable]
  157 |  char spi_buf[20];
      |       ^~~~~~~
../Core/Src/main.c:147:11: warning: variable 'photodiode_in' set but not used [-Wunused-but-set-variable]
  147 |  uint16_t photodiode_in;
      |           ^~~~~~~~~~~~~
../Core/Src/main.c: At top level:
../Core/Src/main.c:832:6: warning: conflicting types for 'Set_VCO_Frequency'
  832 | void Set_VCO_Frequency(int freq) {
      |      ^~~~~~~~~~~~~~~~~
../Core/Src/main.c:321:7: note: previous implicit declaration of 'Set_VCO_Frequency' was here
  321 |       Set_VCO_Frequency(set_freq);
      |       ^~~~~~~~~~~~~~~~~
../Core/Src/main.c: In function 'Set_VCO_Frequency':
../Core/Src/main.c:846:31: warning: implicit declaration of function 'pow' [-Wimplicit-function-declaration]
  846 |  int frac_data = frac_value * pow(2,24);
      |                               ^~~
../Core/Src/main.c:846:31: warning: incompatible implicit declaration of built-in function 'pow'
../Core/Src/main.c:50:1: note: include '<math.h>' or provide a declaration of 'pow'
   49 | #include <stdio.h>
  +++ |+#include <math.h>
   50 | 
../Core/Src/main.c:840:6: warning: unused variable 'frac_mod' [-Wunused-variable]
  840 |  int frac_mod = freq % xtal;
      |      ^~~~~~~~
../Core/Src/main.c: At top level:
../Core/Src/main.c:878:6: warning: conflicting types for 'sendBytes'
  878 | void sendBytes(int data, uint8_t addressByte) {
      |      ^~~~~~~~~
../Core/Src/main.c:235:3: note: previous implicit declaration of 'sendBytes' was here
  235 |   sendBytes(0x4DB8, 0b00101000);
      |   ^~~~~~~~~
../Core/Src/main.c:910:6: warning: conflicting types for 'Initialize_Microwave_Generator'
  910 | void Initialize_Microwave_Generator(void) {
      |      ^~~~~~~~~~~~~~~~~~~~~~~~~~~~~~
../Core/Src/main.c:231:3: note: previous implicit declaration of 'Initialize_Microwave_Generator' was here
  231 |   Initialize_Microwave_Generator();
      |   ^~~~~~~~~~~~~~~~~~~~~~~~~~~~~~
arm-none-eabi-gcc -o "qubesatV4.elf" @"objects.list"   -mcpu=cortex-m0plus -T"/Users/krishnabhattaram/STM32CubeIDE/workspace_1.9.0/qubesatV4/STM32L073RZTX_FLASH.ld" --specs=nosys.specs -Wl,-Map="qubesatV4.map" -Wl,--gc-sections -static --specs=nano.specs -mfloat-abi=soft -mthumb -Wl,--start-group -lc -lm -Wl,--end-group
Finished building target: qubesatV4.elf
 
arm-none-eabi-size   qubesatV4.elf 
arm-none-eabi-objdump -h -S  qubesatV4.elf  > "qubesatV4.list"
   text	   data	    bss	    dec	    hex	filename
  24644	    120	   1904	  26668	   682c	qubesatV4.elf
Finished building: default.size.stdout
 
Finished building: qubesatV4.list
 
